 modello_2017b_levaRetro_acc_sfun

 Timestamp is 5b59b476 (Thu Jul 26 13:45:58 2018)

 Preferred load address is 0000000180000000

 Start         Length     Name                   Class
 0001:00000000 000692b0H .text$mn                CODE
 0001:000692b0 00000012H .text$mn$00             CODE
 0001:000692c2 00000081H .text$x                 CODE
 0002:00000000 00000558H .idata$5                DATA
 0002:00000558 00000010H .00cfg                  DATA
 0002:00000568 00000008H .CRT$XCA                DATA
 0002:00000570 00000008H .CRT$XCZ                DATA
 0002:00000578 00000008H .CRT$XIA                DATA
 0002:00000580 00000008H .CRT$XIZ                DATA
 0002:00000588 00000008H .CRT$XPA                DATA
 0002:00000590 00000008H .CRT$XPZ                DATA
 0002:00000598 00000008H .CRT$XTA                DATA
 0002:000005a0 00000010H .CRT$XTZ                DATA
 0002:000005b0 00003d74H .rdata                  DATA
 0002:00004324 0000022cH .rdata$zzzdbg           DATA
 0002:00004550 00000008H .rtc$IAA                DATA
 0002:00004558 00000008H .rtc$IZZ                DATA
 0002:00004560 00000008H .rtc$TAA                DATA
 0002:00004568 00000008H .rtc$TZZ                DATA
 0002:00004570 00002be0H .xdata                  DATA
 0002:00007150 0000008cH .edata                  DATA
 0002:000071dc 000000dcH .idata$2                DATA
 0002:000072b8 00000018H .idata$3                DATA
 0002:000072d0 00000558H .idata$4                DATA
 0002:00007828 0000107eH .idata$6                DATA
 0003:00000000 00002080H .data                   DATA
 0003:00002080 00001780H .bss                    DATA
 0004:00000000 00002370H .pdata                  DATA
 0005:00000000 00000018H .gfids$y                DATA

  Address         Publics by Value              Rva+Base               Lib:Object

 0000:00000000       __guard_iat_count          0000000000000000     <absolute>
 0000:00000000       __guard_longjmp_count      0000000000000000     <absolute>
 0000:00000000       __dynamic_value_reloc_table 0000000000000000     <absolute>
 0000:00000000       __guard_longjmp_table      0000000000000000     <absolute>
 0000:00000000       __guard_fids_count         0000000000000000     <absolute>
 0000:00000000       __guard_iat_table          0000000000000000     <absolute>
 0000:00000000       __guard_fids_table         0000000000000000     <absolute>
 0000:00000000       ___safe_se_handler_count   0000000000000000     <absolute>
 0000:00000000       ___safe_se_handler_table   0000000000000000     <absolute>
 0000:00000100       __guard_flags              0000000000000100     <absolute>
 0000:00000000       __ImageBase                0000000180000000     <linker-defined>
 0001:00000000       load_modello_2017b_levaRetro_acc_optimization_info 0000000180001000 f   modello_2017b_levaRetro_acc_sfun.obj
 0001:000000b0       modello_2017b_levaRetro_acc_debug_initialize 00000001800010b0 f   modello_2017b_levaRetro_acc_sfun.obj
 0001:00000120       modello_2017b_levaRetro_acc_initializer 0000000180001120 f   modello_2017b_levaRetro_acc_sfun.obj
 0001:00000130       modello_2017b_levaRetro_acc_register_exported_symbols 0000000180001130 f   modello_2017b_levaRetro_acc_sfun.obj
 0001:00000140       modello_2017b_levaRetro_acc_terminator 0000000180001140 f   modello_2017b_levaRetro_acc_sfun.obj
 0001:00000150       sf_modello_2017b_levaRetro_acc_autoinheritance_info 0000000180001150 f   modello_2017b_levaRetro_acc_sfun.obj
 0001:000003a0       sf_modello_2017b_levaRetro_acc_get_eml_resolved_functions_info 00000001800013a0 f   modello_2017b_levaRetro_acc_sfun.obj
 0001:000005c0       sf_modello_2017b_levaRetro_acc_jit_fallback_info 00000001800015c0 f   modello_2017b_levaRetro_acc_sfun.obj
 0001:00000810       sf_modello_2017b_levaRetro_acc_method_dispatcher 0000000180001810 f   modello_2017b_levaRetro_acc_sfun.obj
 0001:00000910       sf_modello_2017b_levaRetro_acc_process_check_sum_call 0000000180001910 f   modello_2017b_levaRetro_acc_sfun.obj
 0001:00000c40       sf_modello_2017b_levaRetro_acc_process_testpoint_info_call 0000000180001c40 f   modello_2017b_levaRetro_acc_sfun.obj
 0001:00000df0       sf_modello_2017b_levaRetro_acc_third_party_uses_info 0000000180001df0 f   modello_2017b_levaRetro_acc_sfun.obj
 0001:00001040       sf_modello_2017b_levaRetro_acc_updateBuildInfo_args_info 0000000180002040 f   modello_2017b_levaRetro_acc_sfun.obj
 0001:00001290       unload_modello_2017b_levaRetro_acc_optimization_info 0000000180002290 f   modello_2017b_levaRetro_acc_sfun.obj
 0001:00005650       c1_modello_2017b_levaRetro_acc_method_dispatcher 0000000180006650 f   c1_modello_2017b_levaRetro_acc.obj
 0001:0000e310       sf_c1_modello_2017b_levaRetro_acc_get_autoinheritance_info 000000018000f310 f   c1_modello_2017b_levaRetro_acc.obj
 0001:0000ebb0       sf_c1_modello_2017b_levaRetro_acc_get_check_sum 000000018000fbb0 f   c1_modello_2017b_levaRetro_acc.obj
 0001:0000ec20       sf_c1_modello_2017b_levaRetro_acc_get_eml_resolved_functions_info 000000018000fc20 f   c1_modello_2017b_levaRetro_acc.obj
 0001:0000ec80       sf_c1_modello_2017b_levaRetro_acc_get_post_codegen_info 000000018000fc80 f   c1_modello_2017b_levaRetro_acc.obj
 0001:0000ed40       sf_c1_modello_2017b_levaRetro_acc_get_testpoint_info 000000018000fd40 f   c1_modello_2017b_levaRetro_acc.obj
 0001:0000ed70       sf_c1_modello_2017b_levaRetro_acc_jit_fallback_info 000000018000fd70 f   c1_modello_2017b_levaRetro_acc.obj
 0001:0000eec0       sf_c1_modello_2017b_levaRetro_acc_third_party_uses_info 000000018000fec0 f   c1_modello_2017b_levaRetro_acc.obj
 0001:0000eed0       sf_c1_modello_2017b_levaRetro_acc_updateBuildInfo_args_info 000000018000fed0 f   c1_modello_2017b_levaRetro_acc.obj
 0001:00013f40       c2_modello_2017b_levaRetro_acc_method_dispatcher 0000000180014f40 f   c2_modello_2017b_levaRetro_acc.obj
 0001:00016d90       sf_c2_modello_2017b_levaRetro_acc_get_autoinheritance_info 0000000180017d90 f   c2_modello_2017b_levaRetro_acc.obj
 0001:000172c0       sf_c2_modello_2017b_levaRetro_acc_get_check_sum 00000001800182c0 f   c2_modello_2017b_levaRetro_acc.obj
 0001:00017330       sf_c2_modello_2017b_levaRetro_acc_get_eml_resolved_functions_info 0000000180018330 f   c2_modello_2017b_levaRetro_acc.obj
 0001:00017390       sf_c2_modello_2017b_levaRetro_acc_get_post_codegen_info 0000000180018390 f   c2_modello_2017b_levaRetro_acc.obj
 0001:00017450       sf_c2_modello_2017b_levaRetro_acc_get_testpoint_info 0000000180018450 f   c2_modello_2017b_levaRetro_acc.obj
 0001:00017480       sf_c2_modello_2017b_levaRetro_acc_jit_fallback_info 0000000180018480 f   c2_modello_2017b_levaRetro_acc.obj
 0001:000175d0       sf_c2_modello_2017b_levaRetro_acc_third_party_uses_info 00000001800185d0 f   c2_modello_2017b_levaRetro_acc.obj
 0001:000175e0       sf_c2_modello_2017b_levaRetro_acc_updateBuildInfo_args_info 00000001800185e0 f   c2_modello_2017b_levaRetro_acc.obj
 0001:0001bef0       c3_modello_2017b_levaRetro_acc_method_dispatcher 000000018001cef0 f   c3_modello_2017b_levaRetro_acc.obj
 0001:00024bb0       sf_c3_modello_2017b_levaRetro_acc_get_autoinheritance_info 0000000180025bb0 f   c3_modello_2017b_levaRetro_acc.obj
 0001:00025450       sf_c3_modello_2017b_levaRetro_acc_get_check_sum 0000000180026450 f   c3_modello_2017b_levaRetro_acc.obj
 0001:000254c0       sf_c3_modello_2017b_levaRetro_acc_get_eml_resolved_functions_info 00000001800264c0 f   c3_modello_2017b_levaRetro_acc.obj
 0001:00025520       sf_c3_modello_2017b_levaRetro_acc_get_post_codegen_info 0000000180026520 f   c3_modello_2017b_levaRetro_acc.obj
 0001:000255e0       sf_c3_modello_2017b_levaRetro_acc_get_testpoint_info 00000001800265e0 f   c3_modello_2017b_levaRetro_acc.obj
 0001:00025610       sf_c3_modello_2017b_levaRetro_acc_jit_fallback_info 0000000180026610 f   c3_modello_2017b_levaRetro_acc.obj
 0001:00025760       sf_c3_modello_2017b_levaRetro_acc_third_party_uses_info 0000000180026760 f   c3_modello_2017b_levaRetro_acc.obj
 0001:00025770       sf_c3_modello_2017b_levaRetro_acc_updateBuildInfo_args_info 0000000180026770 f   c3_modello_2017b_levaRetro_acc.obj
 0001:00029a00       c27_modello_2017b_levaRetro_acc_method_dispatcher 000000018002aa00 f   c27_modello_2017b_levaRetro_acc.obj
 0001:0002cf10       sf_c27_modello_2017b_levaRetro_acc_get_autoinheritance_info 000000018002df10 f   c27_modello_2017b_levaRetro_acc.obj
 0001:0002da50       sf_c27_modello_2017b_levaRetro_acc_get_check_sum 000000018002ea50 f   c27_modello_2017b_levaRetro_acc.obj
 0001:0002dac0       sf_c27_modello_2017b_levaRetro_acc_get_eml_resolved_functions_info 000000018002eac0 f   c27_modello_2017b_levaRetro_acc.obj
 0001:0002db20       sf_c27_modello_2017b_levaRetro_acc_get_post_codegen_info 000000018002eb20 f   c27_modello_2017b_levaRetro_acc.obj
 0001:0002dbe0       sf_c27_modello_2017b_levaRetro_acc_get_testpoint_info 000000018002ebe0 f   c27_modello_2017b_levaRetro_acc.obj
 0001:0002dc10       sf_c27_modello_2017b_levaRetro_acc_jit_fallback_info 000000018002ec10 f   c27_modello_2017b_levaRetro_acc.obj
 0001:0002dd60       sf_c27_modello_2017b_levaRetro_acc_third_party_uses_info 000000018002ed60 f   c27_modello_2017b_levaRetro_acc.obj
 0001:0002dd70       sf_c27_modello_2017b_levaRetro_acc_updateBuildInfo_args_info 000000018002ed70 f   c27_modello_2017b_levaRetro_acc.obj
 0001:00032f00       c52_modello_2017b_levaRetro_acc_method_dispatcher 0000000180033f00 f   c52_modello_2017b_levaRetro_acc.obj
 0001:00039510       sf_c52_modello_2017b_levaRetro_acc_get_autoinheritance_info 000000018003a510 f   c52_modello_2017b_levaRetro_acc.obj
 0001:0003a2c0       sf_c52_modello_2017b_levaRetro_acc_get_check_sum 000000018003b2c0 f   c52_modello_2017b_levaRetro_acc.obj
 0001:0003a330       sf_c52_modello_2017b_levaRetro_acc_get_eml_resolved_functions_info 000000018003b330 f   c52_modello_2017b_levaRetro_acc.obj
 0001:0003a390       sf_c52_modello_2017b_levaRetro_acc_get_post_codegen_info 000000018003b390 f   c52_modello_2017b_levaRetro_acc.obj
 0001:0003a450       sf_c52_modello_2017b_levaRetro_acc_get_testpoint_info 000000018003b450 f   c52_modello_2017b_levaRetro_acc.obj
 0001:0003a480       sf_c52_modello_2017b_levaRetro_acc_jit_fallback_info 000000018003b480 f   c52_modello_2017b_levaRetro_acc.obj
 0001:0003a5d0       sf_c52_modello_2017b_levaRetro_acc_third_party_uses_info 000000018003b5d0 f   c52_modello_2017b_levaRetro_acc.obj
 0001:0003a5e0       sf_c52_modello_2017b_levaRetro_acc_updateBuildInfo_args_info 000000018003b5e0 f   c52_modello_2017b_levaRetro_acc.obj
 0001:00042270       c152_modello_2017b_levaRetro_acc_method_dispatcher 0000000180043270 f   c152_modello_2017b_levaRetro_acc.obj
 0001:000495f0       sf_c152_modello_2017b_levaRetro_acc_get_autoinheritance_info 000000018004a5f0 f   c152_modello_2017b_levaRetro_acc.obj
 0001:0004a4e0       sf_c152_modello_2017b_levaRetro_acc_get_check_sum 000000018004b4e0 f   c152_modello_2017b_levaRetro_acc.obj
 0001:0004a550       sf_c152_modello_2017b_levaRetro_acc_get_eml_resolved_functions_info 000000018004b550 f   c152_modello_2017b_levaRetro_acc.obj
 0001:0004a5b0       sf_c152_modello_2017b_levaRetro_acc_get_post_codegen_info 000000018004b5b0 f   c152_modello_2017b_levaRetro_acc.obj
 0001:0004a670       sf_c152_modello_2017b_levaRetro_acc_get_testpoint_info 000000018004b670 f   c152_modello_2017b_levaRetro_acc.obj
 0001:0004a6a0       sf_c152_modello_2017b_levaRetro_acc_jit_fallback_info 000000018004b6a0 f   c152_modello_2017b_levaRetro_acc.obj
 0001:0004a7f0       sf_c152_modello_2017b_levaRetro_acc_third_party_uses_info 000000018004b7f0 f   c152_modello_2017b_levaRetro_acc.obj
 0001:0004a800       sf_c152_modello_2017b_levaRetro_acc_updateBuildInfo_args_info 000000018004b800 f   c152_modello_2017b_levaRetro_acc.obj
 0001:0004d350       c451_modello_2017b_levaRetro_acc_method_dispatcher 000000018004e350 f   c451_modello_2017b_levaRetro_acc.obj
 0001:000556b0       sf_c451_modello_2017b_levaRetro_acc_get_autoinheritance_info 00000001800566b0 f   c451_modello_2017b_levaRetro_acc.obj
 0001:00056120       sf_c451_modello_2017b_levaRetro_acc_get_check_sum 0000000180057120 f   c451_modello_2017b_levaRetro_acc.obj
 0001:00056190       sf_c451_modello_2017b_levaRetro_acc_get_eml_resolved_functions_info 0000000180057190 f   c451_modello_2017b_levaRetro_acc.obj
 0001:000561f0       sf_c451_modello_2017b_levaRetro_acc_get_post_codegen_info 00000001800571f0 f   c451_modello_2017b_levaRetro_acc.obj
 0001:000562b0       sf_c451_modello_2017b_levaRetro_acc_get_testpoint_info 00000001800572b0 f   c451_modello_2017b_levaRetro_acc.obj
 0001:000562e0       sf_c451_modello_2017b_levaRetro_acc_jit_fallback_info 00000001800572e0 f   c451_modello_2017b_levaRetro_acc.obj
 0001:00056430       sf_c451_modello_2017b_levaRetro_acc_third_party_uses_info 0000000180057430 f   c451_modello_2017b_levaRetro_acc.obj
 0001:00056440       sf_c451_modello_2017b_levaRetro_acc_updateBuildInfo_args_info 0000000180057440 f   c451_modello_2017b_levaRetro_acc.obj
 0001:00059320       c463_modello_2017b_levaRetro_acc_method_dispatcher 000000018005a320 f   c463_modello_2017b_levaRetro_acc.obj
 0001:00061680       sf_c463_modello_2017b_levaRetro_acc_get_autoinheritance_info 0000000180062680 f   c463_modello_2017b_levaRetro_acc.obj
 0001:000620f0       sf_c463_modello_2017b_levaRetro_acc_get_check_sum 00000001800630f0 f   c463_modello_2017b_levaRetro_acc.obj
 0001:00062160       sf_c463_modello_2017b_levaRetro_acc_get_eml_resolved_functions_info 0000000180063160 f   c463_modello_2017b_levaRetro_acc.obj
 0001:000621c0       sf_c463_modello_2017b_levaRetro_acc_get_post_codegen_info 00000001800631c0 f   c463_modello_2017b_levaRetro_acc.obj
 0001:00062280       sf_c463_modello_2017b_levaRetro_acc_get_testpoint_info 0000000180063280 f   c463_modello_2017b_levaRetro_acc.obj
 0001:000622b0       sf_c463_modello_2017b_levaRetro_acc_jit_fallback_info 00000001800632b0 f   c463_modello_2017b_levaRetro_acc.obj
 0001:00062400       sf_c463_modello_2017b_levaRetro_acc_third_party_uses_info 0000000180063400 f   c463_modello_2017b_levaRetro_acc.obj
 0001:00062410       sf_c463_modello_2017b_levaRetro_acc_updateBuildInfo_args_info 0000000180063410 f   c463_modello_2017b_levaRetro_acc.obj
 0001:00062ea0       ProcessMexSfunctionEveryCall 0000000180063ea0 f   modello_2017b_levaRetro_acc_sfun_registry.obj
 0001:000638a0       __local_stdio_printf_options 00000001800648a0 f i modello_2017b_levaRetro_acc_sfun_registry.obj
 0001:000638b0       _ssGetAbsTol               00000001800648b0 f   modello_2017b_levaRetro_acc_sfun_registry.obj
 0001:00063970       _ssGetCallSystemNumFcnCallDestinations 0000000180064970 f   modello_2017b_levaRetro_acc_sfun_registry.obj
 0001:000639b0       _ssGetCompInputPortSymbolicDimsId 00000001800649b0 f   modello_2017b_levaRetro_acc_sfun_registry.obj
 0001:000639f0       _ssGetCompOutputPortSymbolicDimsId 00000001800649f0 f   modello_2017b_levaRetro_acc_sfun_registry.obj
 0001:00063a30       _ssGetCurrentInputPortWidth 0000000180064a30 f   modello_2017b_levaRetro_acc_sfun_registry.obj
 0001:00063a90       _ssGetCurrentOutputPortWidth 0000000180064a90 f   modello_2017b_levaRetro_acc_sfun_registry.obj
 0001:00063af0       _ssGetIWorkValueFcn        0000000180064af0 f   modello_2017b_levaRetro_acc_sfun_registry.obj
 0001:00063bb0       _ssGetInputPortSignalFcn   0000000180064bb0 f   modello_2017b_levaRetro_acc_sfun_registry.obj
 0001:00063dd0       _ssGetInputPortSignalPtrsFcn 0000000180064dd0 f   modello_2017b_levaRetro_acc_sfun_registry.obj
 0001:00063ff0       _ssGetNumSymbolicDims      0000000180064ff0 f   modello_2017b_levaRetro_acc_sfun_registry.obj
 0001:00064040       _ssGetPWorkValueFcn        0000000180065040 f   modello_2017b_levaRetro_acc_sfun_registry.obj
 0001:00064100       _ssGetRWorkValueFcn        0000000180065100 f   modello_2017b_levaRetro_acc_sfun_registry.obj
 0001:000641c0       _ssGetSymbolicDim          00000001800651c0 f   modello_2017b_levaRetro_acc_sfun_registry.obj
 0001:00064200       _ssRegisterSymbolicDims    0000000180065200 f   modello_2017b_levaRetro_acc_sfun_registry.obj
 0001:00064250       _ssRegisterSymbolicDimsDivide 0000000180065250 f   modello_2017b_levaRetro_acc_sfun_registry.obj
 0001:00064290       _ssRegisterSymbolicDimsExpr 0000000180065290 f   modello_2017b_levaRetro_acc_sfun_registry.obj
 0001:000642e0       _ssRegisterSymbolicDimsIntValue 00000001800652e0 f   modello_2017b_levaRetro_acc_sfun_registry.obj
 0001:00064320       _ssRegisterSymbolicDimsMinus 0000000180065320 f   modello_2017b_levaRetro_acc_sfun_registry.obj
 0001:00064360       _ssRegisterSymbolicDimsMultiply 0000000180065360 f   modello_2017b_levaRetro_acc_sfun_registry.obj
 0001:000643a0       _ssRegisterSymbolicDimsPlus 00000001800653a0 f   modello_2017b_levaRetro_acc_sfun_registry.obj
 0001:000643e0       _ssRegisterSymbolicDimsString 00000001800653e0 f   modello_2017b_levaRetro_acc_sfun_registry.obj
 0001:00064430       _ssSetCompDWorkSymbolicDimsId 0000000180065430 f   modello_2017b_levaRetro_acc_sfun_registry.obj
 0001:00064470       _ssSetCompInputPortSymbolicDimsId 0000000180065470 f   modello_2017b_levaRetro_acc_sfun_registry.obj
 0001:000644b0       _ssSetCompOutputPortSymbolicDimsId 00000001800654b0 f   modello_2017b_levaRetro_acc_sfun_registry.obj
 0001:000644f0       _ssSetIWorkValueFcn        00000001800654f0 f   modello_2017b_levaRetro_acc_sfun_registry.obj
 0001:000645b0       _ssSetInputPortDirectFeedThroughFcn 00000001800655b0 f   modello_2017b_levaRetro_acc_sfun_registry.obj
 0001:000646c0       _ssSetInputPortMatrixDimensions 00000001800656c0 f   modello_2017b_levaRetro_acc_sfun_registry.obj
 0001:00064760       _ssSetInputPortReusableFcn 0000000180065760 f   modello_2017b_levaRetro_acc_sfun_registry.obj
 0001:00064820       _ssSetInputPortSymbolicDimsId 0000000180065820 f   modello_2017b_levaRetro_acc_sfun_registry.obj
 0001:00064860       _ssSetInputPortVectorDimension 0000000180065860 f   modello_2017b_levaRetro_acc_sfun_registry.obj
 0001:000648c0       _ssSetOutputPortMatrixDimensions 00000001800658c0 f   modello_2017b_levaRetro_acc_sfun_registry.obj
 0001:00064960       _ssSetOutputPortReusableFcn 0000000180065960 f   modello_2017b_levaRetro_acc_sfun_registry.obj
 0001:00064a20       _ssSetOutputPortSymbolicDimsId 0000000180065a20 f   modello_2017b_levaRetro_acc_sfun_registry.obj
 0001:00064a60       _ssSetOutputPortVectorDimension 0000000180065a60 f   modello_2017b_levaRetro_acc_sfun_registry.obj
 0001:00064ac0       _ssSetPWorkValueFcn        0000000180065ac0 f   modello_2017b_levaRetro_acc_sfun_registry.obj
 0001:00064b80       _ssSetRWorkValueFcn        0000000180065b80 f   modello_2017b_levaRetro_acc_sfun_registry.obj
 0001:00064c40       _ssSetStateAbsTol          0000000180065c40 f   modello_2017b_levaRetro_acc_sfun_registry.obj
 0001:00064cb0       _ssSetSymbolicDimsSupport  0000000180065cb0 f   modello_2017b_levaRetro_acc_sfun_registry.obj
 0001:00064ce0       _vsnprintf_l               0000000180065ce0 f i modello_2017b_levaRetro_acc_sfun_registry.obj
 0001:00064d50       _vsprintf_l                0000000180065d50 f i modello_2017b_levaRetro_acc_sfun_registry.obj
 0001:00064dc0       callCustomFcn              0000000180065dc0 f   modello_2017b_levaRetro_acc_sfun_registry.obj
 0001:00064e10       mdlGetSimState             0000000180065e10 f   modello_2017b_levaRetro_acc_sfun_registry.obj
 0001:00064f20       mdlSetSimState             0000000180065f20 f   modello_2017b_levaRetro_acc_sfun_registry.obj
 0001:00065320       mexFunction                0000000180066320 f   modello_2017b_levaRetro_acc_sfun_registry.obj
 0001:00066040       sf_machine_global_initializer 0000000180067040 f   modello_2017b_levaRetro_acc_sfun_registry.obj
 0001:000660a0       sf_machine_global_initializer_called 00000001800670a0 f   modello_2017b_levaRetro_acc_sfun_registry.obj
 0001:000660b0       sf_machine_global_method_dispatcher 00000001800670b0 f   modello_2017b_levaRetro_acc_sfun_registry.obj
 0001:00066120       sf_machine_global_terminator 0000000180067120 f   modello_2017b_levaRetro_acc_sfun_registry.obj
 0001:00066150       sf_mex_unlock_call         0000000180067150 f   modello_2017b_levaRetro_acc_sfun_registry.obj
 0001:000661f0       sf_process_autoinheritance_call 00000001800671f0 f   modello_2017b_levaRetro_acc_sfun_registry.obj
 0001:00066300       sf_process_check_sum_call  0000000180067300 f   modello_2017b_levaRetro_acc_sfun_registry.obj
 0001:00066320       sf_process_get_eml_resolved_functions_info_call 0000000180067320 f   modello_2017b_levaRetro_acc_sfun_registry.obj
 0001:00066430       sf_process_get_jit_fallback_info_call 0000000180067430 f   modello_2017b_levaRetro_acc_sfun_registry.obj
 0001:00066540       sf_process_get_third_party_uses_info_call 0000000180067540 f   modello_2017b_levaRetro_acc_sfun_registry.obj
 0001:00066650       sf_process_get_updateBuildInfo_args_info_call 0000000180067650 f   modello_2017b_levaRetro_acc_sfun_registry.obj
 0001:00066760       sf_process_testpoint_info_call 0000000180067760 f   modello_2017b_levaRetro_acc_sfun_registry.obj
 0001:00066780       sf_register_machine_exported_symbols 0000000180067780 f   modello_2017b_levaRetro_acc_sfun_registry.obj
 0001:00066790       sprintf                    0000000180067790 f i modello_2017b_levaRetro_acc_sfun_registry.obj
 0001:000667f0       ssCloneAndAddZcSignalInfo  00000001800677f0 f   modello_2017b_levaRetro_acc_sfun_registry.obj
 0001:00066830       ssCreateAndAddZcSignalInfo 0000000180067830 f   modello_2017b_levaRetro_acc_sfun_registry.obj
 0001:00066870       ssGetDTypeIdFromMxArray    0000000180067870 f   modello_2017b_levaRetro_acc_sfun_registry.obj
 0001:00066940       ssGetIsInputPortElementContinuous 0000000180067940 f   modello_2017b_levaRetro_acc_sfun_registry.obj
 0001:000669b0       ssGetIsZeroCrossControlDisabled 00000001800679b0 f   modello_2017b_levaRetro_acc_sfun_registry.obj
 0001:000669f0       ssGetNumZcSignals          00000001800679f0 f   modello_2017b_levaRetro_acc_sfun_registry.obj
 0001:00066a30       ssGetParameterTuningCompliance 0000000180067a30 f   modello_2017b_levaRetro_acc_sfun_registry.obj
 0001:00066a70       ssGetSFuncBlockHandle      0000000180067a70 f   modello_2017b_levaRetro_acc_sfun_registry.obj
 0001:00066ab0       ssGetZcSignalIsZcElementDisc 0000000180067ab0 f   modello_2017b_levaRetro_acc_sfun_registry.obj
 0001:00066b20       ssGetZcSignalName          0000000180067b20 f   modello_2017b_levaRetro_acc_sfun_registry.obj
 0001:00066b70       ssGetZcSignalNeedsEventNotification 0000000180067b70 f   modello_2017b_levaRetro_acc_sfun_registry.obj
 0001:00066bb0       ssGetZcSignalType          0000000180067bb0 f   modello_2017b_levaRetro_acc_sfun_registry.obj
 0001:00066bf0       ssGetZcSignalVector        0000000180067bf0 f   modello_2017b_levaRetro_acc_sfun_registry.obj
 0001:00066c40       ssGetZcSignalWidth         0000000180067c40 f   modello_2017b_levaRetro_acc_sfun_registry.obj
 0001:00066c80       ssGetZcSignalZcEventType   0000000180067c80 f   modello_2017b_levaRetro_acc_sfun_registry.obj
 0001:00066cc0       ssGetZcSignalZcEvents      0000000180067cc0 f   modello_2017b_levaRetro_acc_sfun_registry.obj
 0001:00066d10       ssGetZcSignalZcTol         0000000180067d10 f   modello_2017b_levaRetro_acc_sfun_registry.obj
 0001:00066d50       ssIsRunTimeParamTunable    0000000180067d50 f   modello_2017b_levaRetro_acc_sfun_registry.obj
 0001:00066d90       ssSetIsInputPortUsedForContZcSignal 0000000180067d90 f   modello_2017b_levaRetro_acc_sfun_registry.obj
 0001:00066dd0       ssSetZcSignalIsZcElementDisc 0000000180067dd0 f   modello_2017b_levaRetro_acc_sfun_registry.obj
 0001:00066e30       ssSetZcSignalName          0000000180067e30 f   modello_2017b_levaRetro_acc_sfun_registry.obj
 0001:00066e60       ssSetZcSignalNeedsEventNotification 0000000180067e60 f   modello_2017b_levaRetro_acc_sfun_registry.obj
 0001:00066ea0       ssSetZcSignalType          0000000180067ea0 f   modello_2017b_levaRetro_acc_sfun_registry.obj
 0001:00066ee0       ssSetZcSignalWidth         0000000180067ee0 f   modello_2017b_levaRetro_acc_sfun_registry.obj
 0001:00066f20       ssSetZcSignalZcEventType   0000000180067f20 f   modello_2017b_levaRetro_acc_sfun_registry.obj
 0001:00066f60       ssSetZcSignalZcTol         0000000180067f60 f   modello_2017b_levaRetro_acc_sfun_registry.obj
 0001:00066fa0       ssWarning                  0000000180067fa0 f   modello_2017b_levaRetro_acc_sfun_registry.obj
 0001:00067080       ssWriteRTWMx2dMatParam     0000000180068080 f   modello_2017b_levaRetro_acc_sfun_registry.obj
 0001:000670d0       ssWriteRTWMxVectParam      00000001800680d0 f   modello_2017b_levaRetro_acc_sfun_registry.obj
 0001:00067110       ssWriteRTWNameValuePair    0000000180068110 f   modello_2017b_levaRetro_acc_sfun_registry.obj
 0001:00067300       ssWriteRTWParamSettings    0000000180068300 f   modello_2017b_levaRetro_acc_sfun_registry.obj
 0001:000675d0       ssWriteRTWParameters       00000001800685d0 f   modello_2017b_levaRetro_acc_sfun_registry.obj
 0001:000677c0       ssWriteRTWStr              00000001800687c0 f   modello_2017b_levaRetro_acc_sfun_registry.obj
 0001:000677e0       ssWriteRTWWorkVect         00000001800687e0 f   modello_2017b_levaRetro_acc_sfun_registry.obj
 0001:00067bf0       mexfilerequiredapiversion  0000000180068bf0 f   c_mexapi_version.obj
 0001:00067bfe       sf_load_rtw_optimization_info 0000000180068bfe f   sf_runtime:sf_runtime.dll
 0001:00067c04       sf_debug_initialize_machine 0000000180068c04 f   sf_runtime:sf_runtime.dll
 0001:00067c0a       sf_debug_set_machine_event_thresholds 0000000180068c0a f   sf_runtime:sf_runtime.dll
 0001:00067c10       sf_debug_set_machine_data_thresholds 0000000180068c10 f   sf_runtime:sf_runtime.dll
 0001:00067c16       sf_init_ChartRunTimeInfo   0000000180068c16 f   sf_runtime:sf_runtime.dll
 0001:00067c1c       sf_free_ChartRunTimeInfo   0000000180068c1c f   sf_runtime:sf_runtime.dll
 0001:00067c22       sfrtGetEmlrtCtx            0000000180068c22 f   sf_runtime:sf_runtime.dll
 0001:00067c28       sf_get_chart_instance_ptr  0000000180068c28 f   sf_runtime:sf_runtime.dll
 0001:00067c2e       sf_rtw_info_uint_prop      0000000180068c2e f   sf_runtime:sf_runtime.dll
 0001:00067c34       sf_update_buildInfo        0000000180068c34 f   sf_runtime:sf_runtime.dll
 0001:00067c3a       sf_is_chart_inlinable      0000000180068c3a f   sf_runtime:sf_runtime.dll
 0001:00067c40       sf_mark_chart_reusable_outputs 0000000180068c40 f   sf_runtime:sf_runtime.dll
 0001:00067c46       sf_mark_chart_expressionable_inputs 0000000180068c46 f   sf_runtime:sf_runtime.dll
 0001:00067c4c       sim_mode_is_rtw_gen        0000000180068c4c f   sf_runtime:sf_runtime.dll
 0001:00067c52       sim_mode_is_external       0000000180068c52 f   sf_runtime:sf_runtime.dll
 0001:00067c58       sim_mode_is_modelref_sim   0000000180068c58 f   sf_runtime:sf_runtime.dll
 0001:00067c5e       sf_clear_rtw_identifier    0000000180068c5e f   sf_runtime:sf_runtime.dll
 0001:00067c64       sf_set_rtw_dwork_info      0000000180068c64 f   sf_runtime:sf_runtime.dll
 0001:00067c6a       sf_get_dwork_info_from_mat_file 0000000180068c6a f   sf_runtime:sf_runtime.dll
 0001:00067c70       sf_set_encoded_dwork_info  0000000180068c70 f   sf_runtime:sf_runtime.dll
 0001:00067c76       sf_get_time                0000000180068c76 f   sf_runtime:sf_runtime.dll
 0001:00067c7c       sf_is_first_init_cond      0000000180068c7c f   sf_runtime:sf_runtime.dll
 0001:00067c82       sf_set_chart_accesses_machine_info 0000000180068c82 f   sf_runtime:sf_runtime.dll
 0001:00067c88       sf_register_codegen_names_for_scoped_functions_defined_by_chart 0000000180068c88 f   sf_runtime:sf_runtime.dll
 0001:00067c8e       ssSetBlockIsPurelyCombinatorial_wrapper 0000000180068c8e f   sf_runtime:sf_runtime.dll
 0001:00067c94       sf_mex_error_message       0000000180068c94 f   sf_runtime:sf_runtime.dll
 0001:00067c9a       sf_mex_create              0000000180068c9a f   sf_runtime:sf_runtime.dll
 0001:00067ca0       sf_mex_createcellmatrix    0000000180068ca0 f   sf_runtime:sf_runtime.dll
 0001:00067ca6       sf_mex_setcell             0000000180068ca6 f   sf_runtime:sf_runtime.dll
 0001:00067cac       sf_mex_getcell             0000000180068cac f   sf_runtime:sf_runtime.dll
 0001:00067cb2       sf_mex_assign              0000000180068cb2 f   sf_runtime:sf_runtime.dll
 0001:00067cb8       sf_mex_dup                 0000000180068cb8 f   sf_runtime:sf_runtime.dll
 0001:00067cbe       sf_mex_destroy             0000000180068cbe f   sf_runtime:sf_runtime.dll
 0001:00067cc4       sf_mex_import              0000000180068cc4 f   sf_runtime:sf_runtime.dll
 0001:00067cca       sf_mex_decode_encoded_mx_struct_array 0000000180068cca f   sf_runtime:sf_runtime.dll
 0001:00067cd0       sf_mex_duplicatearraysafe  0000000180068cd0 f   sf_runtime:sf_runtime.dll
 0001:00067cd6       ssGetDWork_wrapper         0000000180068cd6 f   sf_runtime:sf_runtime.dll
 0001:00067cdc       ssGetInputPortSignal_wrapper 0000000180068cdc f   sf_runtime:sf_runtime.dll
 0001:00067ce2       ssGetOutputPortSignal_wrapper 0000000180068ce2 f   sf_runtime:sf_runtime.dll
 0001:00067ce8       sf_debug_initialize_chart  0000000180068ce8 f   sf_runtime:sf_runtime.dll
 0001:00067cee       sf_debug_call              0000000180068cee f   sf_runtime:sf_runtime.dll
 0001:00067cf4       cv_eval_point              0000000180068cf4 f   sf_runtime:sf_runtime.dll
 0001:00067cfa       cv_eml_eval                0000000180068cfa f   sf_runtime:sf_runtime.dll
 0001:00067d00       cv_eval_relational         0000000180068d00 f   sf_runtime:sf_runtime.dll
 0001:00067d06       cv_eml_init_script         0000000180068d06 f   sf_runtime:sf_runtime.dll
 0001:00067d0c       cv_eml_init_if             0000000180068d0c f   sf_runtime:sf_runtime.dll
 0001:00067d12       cv_eml_init_mcdc           0000000180068d12 f   sf_runtime:sf_runtime.dll
 0001:00067d18       cv_eml_init_relational     0000000180068d18 f   sf_runtime:sf_runtime.dll
 0001:00067d1e       sf_debug_reset_current_state_configuration 0000000180068d1e f   sf_runtime:sf_runtime.dll
 0001:00067d24       sf_debug_check_for_state_inconsistency 0000000180068d24 f   sf_runtime:sf_runtime.dll
 0001:00067d2a       sf_debug_set_honor_breakpoints 0000000180068d2a f   sf_runtime:sf_runtime.dll
 0001:00067d30       sf_debug_get_animation     0000000180068d30 f   sf_runtime:sf_runtime.dll
 0001:00067d36       sf_debug_set_animation     0000000180068d36 f   sf_runtime:sf_runtime.dll
 0001:00067d3c       sf_debug_animate           0000000180068d3c f   sf_runtime:sf_runtime.dll
 0001:00067d42       sf_debug_set_chart_data_props 0000000180068d42 f   sf_runtime:sf_runtime.dll
 0001:00067d48       sf_debug_set_chart_data_compiled_props 0000000180068d48 f   sf_runtime:sf_runtime.dll
 0001:00067d4e       sf_debug_symbol_scope_push 0000000180068d4e f   sf_runtime:sf_runtime.dll
 0001:00067d54       sf_debug_symbol_scope_push_eml 0000000180068d54 f   sf_runtime:sf_runtime.dll
 0001:00067d5a       sf_debug_symbol_scope_pop  0000000180068d5a f   sf_runtime:sf_runtime.dll
 0001:00067d60       sf_debug_symbol_scope_add_eml_importable 0000000180068d60 f   sf_runtime:sf_runtime.dll
 0001:00067d66       sf_debug_set_instance_data_value_ptr 0000000180068d66 f   sf_runtime:sf_runtime.dll
 0001:00067d6c       sf_debug_set_chart_disable_implicit_casting 0000000180068d6c f   sf_runtime:sf_runtime.dll
 0001:00067d72       sf_debug_set_chart_event_thresholds 0000000180068d72 f   sf_runtime:sf_runtime.dll
 0001:00067d78       sf_debug_set_chart_state_info 0000000180068d78 f   sf_runtime:sf_runtime.dll
 0001:00067d7e       sf_debug_set_chart_decomposition 0000000180068d7e f   sf_runtime:sf_runtime.dll
 0001:00067d84       sf_debug_set_chart_substate_count 0000000180068d84 f   sf_runtime:sf_runtime.dll
 0001:00067d8a       sf_debug_set_chart_substate_index 0000000180068d8a f   sf_runtime:sf_runtime.dll
 0001:00067d90       sf_debug_set_chart_state_substate_count 0000000180068d90 f   sf_runtime:sf_runtime.dll
 0001:00067d96       sf_debug_set_chart_state_substate_index 0000000180068d96 f   sf_runtime:sf_runtime.dll
 0001:00067d9c       sf_debug_data_range_wrapper 0000000180068d9c f   sf_runtime:sf_runtime.dll
 0001:00067da2       sf_debug_cv_init_trans     0000000180068da2 f   sf_runtime:sf_runtime.dll
 0001:00067da8       sf_debug_cv_init_chart     0000000180068da8 f   sf_runtime:sf_runtime.dll
 0001:00067dae       sf_debug_cv_init_state     0000000180068dae f   sf_runtime:sf_runtime.dll
 0001:00067db4       sf_debug_read_before_write_error 0000000180068db4 f   sf_runtime:sf_runtime.dll
 0001:00067dba       sf_mex_get_sfun_param      0000000180068dba f   sf_runtime:sf_runtime.dll
 0001:00067dc0       sf_get_output_port_reusable 0000000180068dc0 f   sf_runtime:sf_runtime.dll
 0001:00067dc6       sf_mex_import_named        0000000180068dc6 f   sf_runtime:sf_runtime.dll
 0001:00067dcc       sf_eml_array_bounds_check  0000000180068dcc f   sf_runtime:sf_runtime.dll
 0001:00067dd2       sf_integer_check           0000000180068dd2 f   sf_runtime:sf_runtime.dll
 0001:00067dd8       eml_debug_line_call        0000000180068dd8 f   sf_runtime:sf_runtime.dll
 0001:00067dde       cv_eml_init_fcn            0000000180068dde f   sf_runtime:sf_runtime.dll
 0001:00067de4       sf_debug_unset_instance_data_value_ptr 0000000180068de4 f   sf_runtime:sf_runtime.dll
 0001:00067dea       sf_debug_cv_init_relationalop 0000000180068dea f   sf_runtime:sf_runtime.dll
 0001:00067df0       sf_get_ChartInfoStruct_CodeGen 0000000180068df0 f   sf_runtime:sf_runtime.dll
 0001:00067df6       sf_get_hasSeparateUpdateOutputs 0000000180068df6 f   sf_runtime:sf_runtime.dll
 0001:00067dfc       callMdlMethodAndReportError 0000000180068dfc f   sf_runtime:sf_runtime.dll
 0001:00067e02       call_sf_machine_global_method_dispatcher 0000000180068e02 f   sf_runtime:sf_runtime.dll
 0001:00067e08       getRuntimeInstanceInfoAsVoid 0000000180068e08 f   sf_runtime:sf_runtime.dll
 0001:00067e0e       sf_mex_error_direct_call   0000000180068e0e f   sf_runtime:sf_runtime.dll
 0001:00067e14       sf_clear_error_manager_info 0000000180068e14 f   sf_runtime:sf_runtime.dll
 0001:00067e1a       sf_debug_create_debug_instance_struct 0000000180068e1a f   sf_runtime:sf_runtime.dll
 0001:00067e20       sf_debug_terminate         0000000180068e20 f   sf_runtime:sf_runtime.dll
 0001:00067e26       sf_debug_api               0000000180068e26 f   sf_runtime:sf_runtime.dll
 0001:00067e2c       mxIsChar                   0000000180068e2c f   libmx:libmx.dll
 0001:00067e32       mxGetPr                    0000000180068e32 f   libmx:libmx.dll
 0001:00067e38       mxGetScalar                0000000180068e38 f   libmx:libmx.dll
 0001:00067e3e       mxDestroyArray             0000000180068e3e f   libmx:libmx.dll
 0001:00067e44       mxCreateDoubleMatrix_730   0000000180068e44 f   libmx:libmx.dll
 0001:00067e4a       mxGetString_730            0000000180068e4a f   libmx:libmx.dll
 0001:00067e50       mxDuplicateArray           0000000180068e50 f   libmx:libmx.dll
 0001:00067e56       mxSetField_730             0000000180068e56 f   libmx:libmx.dll
 0001:00067e5c       mxCreateDoubleScalar       0000000180068e5c f   libmx:libmx.dll
 0001:00067e62       mxCreateString             0000000180068e62 f   libmx:libmx.dll
 0001:00067e68       mxCreateCellMatrix_730     0000000180068e68 f   libmx:libmx.dll
 0001:00067e6e       mxCreateCellArray_730      0000000180068e6e f   libmx:libmx.dll
 0001:00067e74       mxCreateStructMatrix_730   0000000180068e74 f   libmx:libmx.dll
 0001:00067e7a       mxCreateStructArray_730    0000000180068e7a f   libmx:libmx.dll
 0001:00067e80       mxCalloc                   0000000180068e80 f   libmx:libmx.dll
 0001:00067e86       mxGetM                     0000000180068e86 f   libmx:libmx.dll
 0001:00067e8c       mxGetClassID               0000000180068e8c f   libmx:libmx.dll
 0001:00067e92       mxIsNumeric                0000000180068e92 f   libmx:libmx.dll
 0001:00067e98       mxIsComplex                0000000180068e98 f   libmx:libmx.dll
 0001:00067e9e       mxGetN                     0000000180068e9e f   libmx:libmx.dll
 0001:00067ea4       mexMakeArrayPersistent     0000000180068ea4 f   libmex:libmex.dll
 0001:00067eaa       mexErrMsgTxt               0000000180068eaa f   libmex:libmex.dll
 0001:00067eb0       mexWarnMsgTxt              0000000180068eb0 f   libmex:libmex.dll
 0001:00067eb6       mexCallMATLABWithObject    0000000180068eb6 f   libmex:libmex.dll
 0001:00067ebc       mexLock                    0000000180068ebc f   libmex:libmex.dll
 0001:00067ec2       mexUnlock                  0000000180068ec2 f   libmex:libmex.dll
 0001:00067ec8       mexIsLocked                0000000180068ec8 f   libmex:libmex.dll
 0001:00067ece       utMalloc                   0000000180068ece f   libut:libut.dll
 0001:00067ed4       utFree                     0000000180068ed4 f   libut:libut.dll
 0001:00067eda       muDoubleScalarAbs          0000000180068eda f   libmwmathutil:libmwmathutil.dll
 0001:00067ee0       __GSHandlerCheck           0000000180068ee0 f   MSVCRT:_gshandler_.obj
 0001:00067f00       __GSHandlerCheckCommon     0000000180068f00 f   MSVCRT:_gshandler_.obj
 0001:00067f70       __security_check_cookie    0000000180068f70 f   MSVCRT:_amdsecgs_.obj
 0001:000682e0       _CRT_INIT                  00000001800692e0 f   MSVCRT:dll_dllmain.obj
 0001:000682e8       _DllMainCRTStartup         00000001800692e8 f   MSVCRT:dll_dllmain.obj
 0001:00068328       __raise_securityfailure    0000000180069328 f   MSVCRT:gs_report.obj
 0001:0006835c       __report_gsfailure         000000018006935c f   MSVCRT:gs_report.obj
 0001:00068430       __report_rangecheckfailure 0000000180069430 f   MSVCRT:gs_report.obj
 0001:00068444       __report_securityfailure   0000000180069444 f   MSVCRT:gs_report.obj
 0001:000684e0       __report_securityfailureEx 00000001800694e0 f   MSVCRT:gs_report.obj
 0001:000686d4       ??$__crt_fast_decode_pointer@PEAP6AXXZ@@YAPEAP6AXXZQEAP6AXXZ@Z 00000001800696d4 f i MSVCRT:utility.obj
 0001:000686ec       ??$__crt_fast_encode_pointer@PEAP6AXXZ@@YAPEAP6AXXZQEAP6AXXZ@Z 00000001800696ec f i MSVCRT:utility.obj
 0001:0006870c       ?__crt_rotate_pointer_value@@YA_K_KH@Z 000000018006970c f i MSVCRT:utility.obj
 0001:00068718       ?configure_argv@__scrt_narrow_argv_policy@@SAHXZ 0000000180069718 f i MSVCRT:utility.obj
 0001:000687a8       NtCurrentTeb               00000001800697a8 f i MSVCRT:utility.obj
 0001:000687b4       __scrt_acquire_startup_lock 00000001800697b4 f   MSVCRT:utility.obj
 0001:000687f0       __scrt_dllmain_after_initialize_c 00000001800697f0 f   MSVCRT:utility.obj
 0001:00068824       __scrt_dllmain_before_initialize_c 0000000180069824 f   MSVCRT:utility.obj
 0001:0006883c       __scrt_dllmain_crt_thread_attach 000000018006983c f   MSVCRT:utility.obj
 0001:00068864       __scrt_dllmain_crt_thread_detach 0000000180069864 f   MSVCRT:utility.obj
 0001:0006887c       __scrt_dllmain_exception_filter 000000018006987c f   MSVCRT:utility.obj
 0001:000688e0       __scrt_dllmain_uninitialize_c 00000001800698e0 f   MSVCRT:utility.obj
 0001:00068910       __scrt_dllmain_uninitialize_critical 0000000180069910 f   MSVCRT:utility.obj
 0001:00068924       __scrt_initialize_crt      0000000180069924 f   MSVCRT:utility.obj
 0001:00068970       __scrt_initialize_onexit_tables 0000000180069970 f   MSVCRT:utility.obj
 0001:00068a3c       __scrt_is_nonwritable_in_current_image 0000000180069a3c f   MSVCRT:utility.obj
 0001:00068ad8       __scrt_release_startup_lock 0000000180069ad8 f   MSVCRT:utility.obj
 0001:00068afc       __scrt_uninitialize_crt    0000000180069afc f   MSVCRT:utility.obj
 0001:00068b28       _onexit                    0000000180069b28 f   MSVCRT:utility.obj
 0001:00068b78       at_quick_exit              0000000180069b78 f   MSVCRT:utility.obj
 0001:00068bb0       atexit                     0000000180069bb0 f   MSVCRT:utility.obj
 0001:00068bc8       __security_init_cookie     0000000180069bc8 f   MSVCRT:gs_support.obj
 0001:00068c74       DllMain                    0000000180069c74 f   MSVCRT:dll_dllmain_stub.obj
 0001:00068c98       ?__scrt_initialize_type_info@@YAXXZ 0000000180069c98 f   MSVCRT:tncleanup.obj
 0001:00068ca8       ?__scrt_uninitialize_type_info@@YAXXZ 0000000180069ca8 f   MSVCRT:tncleanup.obj
 0001:00068cb4       __local_stdio_scanf_options 0000000180069cb4 f i MSVCRT:default_local_stdio_options.obj
 0001:00068cbc       __scrt_initialize_default_local_stdio_options 0000000180069cbc f   MSVCRT:default_local_stdio_options.obj
 0001:00068cd8       __scrt_get_dyn_tls_init_callback 0000000180069cd8 f   MSVCRT:dyn_tls_init.obj
 0001:00068ce0       __crt_debugger_hook        0000000180069ce0 f   MSVCRT:utility_desktop.obj
 0001:00068ce8       __scrt_fastfail            0000000180069ce8 f   MSVCRT:utility_desktop.obj
 0001:00068e30       __scrt_get_show_window_mode 0000000180069e30 f   MSVCRT:utility_desktop.obj
 0001:00068e6c       __scrt_initialize_winrt    0000000180069e6c f   MSVCRT:utility_desktop.obj
 0001:00068e70       __scrt_is_managed_app      0000000180069e70 f   MSVCRT:utility_desktop.obj
 0001:00068ec4       __scrt_set_unhandled_exception_filter 0000000180069ec4 f   MSVCRT:utility_desktop.obj
 0001:00068ed4       __scrt_unhandled_exception_filter 0000000180069ed4 f   MSVCRT:utility_desktop.obj
 0001:00068f0c       _RTC_Initialize            0000000180069f0c f   MSVCRT:_initsect_.obj
 0001:00068f58       _RTC_Terminate             0000000180069f58 f   MSVCRT:_initsect_.obj
 0001:00068fa4       _guard_check_icall         0000000180069fa4 f i MSVCRT:checkcfg.obj
 0001:00068fac       __isa_available_init       0000000180069fac f   MSVCRT:_cpu_disp_.obj
 0001:00069174       _get_startup_argv_mode     000000018006a174 f   MSVCRT:argv_mode.obj
 0001:0006917c       __scrt_is_ucrt_dll_in_use  000000018006a17c f   MSVCRT:ucrt_detection.obj
 0001:00069188       _guard_check_icall_nop     000000018006a188 f i MSVCRT:guard_support.obj
 0001:0006918c       _guard_icall_checks_enforced 000000018006a18c f i MSVCRT:guard_support.obj
 0001:000691b0       RtlCaptureContext          000000018006a1b0 f   kernel32:KERNEL32.dll
 0001:000691b6       RtlLookupFunctionEntry     000000018006a1b6 f   kernel32:KERNEL32.dll
 0001:000691bc       RtlVirtualUnwind           000000018006a1bc f   kernel32:KERNEL32.dll
 0001:000691c2       UnhandledExceptionFilter   000000018006a1c2 f   kernel32:KERNEL32.dll
 0001:000691c8       SetUnhandledExceptionFilter 000000018006a1c8 f   kernel32:KERNEL32.dll
 0001:000691ce       GetCurrentProcess          000000018006a1ce f   kernel32:KERNEL32.dll
 0001:000691d4       TerminateProcess           000000018006a1d4 f   kernel32:KERNEL32.dll
 0001:000691da       IsProcessorFeaturePresent  000000018006a1da f   kernel32:KERNEL32.dll
 0001:000691e0       QueryPerformanceCounter    000000018006a1e0 f   kernel32:KERNEL32.dll
 0001:000691e6       GetCurrentProcessId        000000018006a1e6 f   kernel32:KERNEL32.dll
 0001:000691ec       GetCurrentThreadId         000000018006a1ec f   kernel32:KERNEL32.dll
 0001:000691f2       GetSystemTimeAsFileTime    000000018006a1f2 f   kernel32:KERNEL32.dll
 0001:000691f8       DisableThreadLibraryCalls  000000018006a1f8 f   kernel32:KERNEL32.dll
 0001:000691fe       InitializeSListHead        000000018006a1fe f   kernel32:KERNEL32.dll
 0001:00069204       IsDebuggerPresent          000000018006a204 f   kernel32:KERNEL32.dll
 0001:0006920a       GetStartupInfoW            000000018006a20a f   kernel32:KERNEL32.dll
 0001:00069210       GetModuleHandleW           000000018006a210 f   kernel32:KERNEL32.dll
 0001:00069216       memset                     000000018006a216 f   vcruntime:VCRUNTIME140.dll
 0001:0006921c       memcpy                     000000018006a21c f   vcruntime:VCRUNTIME140.dll
 0001:00069222       __C_specific_handler       000000018006a222 f   vcruntime:VCRUNTIME140.dll
 0001:00069228       __std_type_info_destroy_list 000000018006a228 f   vcruntime:VCRUNTIME140.dll
 0001:0006922e       strcmp                     000000018006a22e f   ucrt:api-ms-win-crt-string-l1-1-0.dll
 0001:00069234       __stdio_common_vsprintf    000000018006a234 f   ucrt:api-ms-win-crt-stdio-l1-1-0.dll
 0001:0006923a       free                       000000018006a23a f   ucrt:api-ms-win-crt-heap-l1-1-0.dll
 0001:00069240       malloc                     000000018006a240 f   ucrt:api-ms-win-crt-heap-l1-1-0.dll
 0001:00069246       _initterm                  000000018006a246 f   ucrt:api-ms-win-crt-runtime-l1-1-0.dll
 0001:0006924c       _initterm_e                000000018006a24c f   ucrt:api-ms-win-crt-runtime-l1-1-0.dll
 0001:00069252       _seh_filter_dll            000000018006a252 f   ucrt:api-ms-win-crt-runtime-l1-1-0.dll
 0001:00069258       _configure_narrow_argv     000000018006a258 f   ucrt:api-ms-win-crt-runtime-l1-1-0.dll
 0001:0006925e       _initialize_narrow_environment 000000018006a25e f   ucrt:api-ms-win-crt-runtime-l1-1-0.dll
 0001:00069264       _initialize_onexit_table   000000018006a264 f   ucrt:api-ms-win-crt-runtime-l1-1-0.dll
 0001:0006926a       _register_onexit_function  000000018006a26a f   ucrt:api-ms-win-crt-runtime-l1-1-0.dll
 0001:00069270       _execute_onexit_table      000000018006a270 f   ucrt:api-ms-win-crt-runtime-l1-1-0.dll
 0001:00069276       _crt_atexit                000000018006a276 f   ucrt:api-ms-win-crt-runtime-l1-1-0.dll
 0001:0006927c       _crt_at_quick_exit         000000018006a27c f   ucrt:api-ms-win-crt-runtime-l1-1-0.dll
 0001:00069282       _cexit                     000000018006a282 f   ucrt:api-ms-win-crt-runtime-l1-1-0.dll
 0001:00069288       terminate                  000000018006a288 f   ucrt:api-ms-win-crt-runtime-l1-1-0.dll
 0001:00069290       __scrt_stub_for_acrt_initialize 000000018006a290 f   MSVCRT:ucrt_stubs.obj
 0001:00069290       __acrt_initialize          000000018006a290 f   MSVCRT:ucrt_stubs.obj
 0001:00069290       __vcrt_initialize          000000018006a290 f   MSVCRT:ucrt_stubs.obj
 0001:00069294       __acrt_thread_attach       000000018006a294 f   MSVCRT:ucrt_stubs.obj
 0001:00069294       __scrt_stub_for_acrt_thread_attach 000000018006a294 f   MSVCRT:ucrt_stubs.obj
 0001:00069294       __vcrt_thread_attach       000000018006a294 f   MSVCRT:ucrt_stubs.obj
 0001:00069298       __vcrt_thread_detach       000000018006a298 f   MSVCRT:ucrt_stubs.obj
 0001:00069298       __scrt_stub_for_acrt_thread_detach 000000018006a298 f   MSVCRT:ucrt_stubs.obj
 0001:00069298       __acrt_thread_detach       000000018006a298 f   MSVCRT:ucrt_stubs.obj
 0001:0006929c       __vcrt_uninitialize        000000018006a29c f   MSVCRT:ucrt_stubs.obj
 0001:0006929c       __scrt_stub_for_acrt_uninitialize 000000018006a29c f   MSVCRT:ucrt_stubs.obj
 0001:0006929c       __acrt_uninitialize        000000018006a29c f   MSVCRT:ucrt_stubs.obj
 0001:000692a0       __acrt_uninitialize_critical 000000018006a2a0 f   MSVCRT:ucrt_stubs.obj
 0001:000692a0       __scrt_stub_for_acrt_uninitialize_critical 000000018006a2a0 f   MSVCRT:ucrt_stubs.obj
 0001:000692a0       __vcrt_uninitialize_critical 000000018006a2a0 f   MSVCRT:ucrt_stubs.obj
 0001:000692a4       _is_c_termination_complete 000000018006a2a4 f   MSVCRT:ucrt_stubs.obj
 0001:000692a4       __scrt_stub_for_is_c_termination_complete 000000018006a2a4 f   MSVCRT:ucrt_stubs.obj
 0001:000692c0       _guard_dispatch_icall_nop  000000018006a2c0 f   MSVCRT:_guard_dispatch_.obj
 0002:00000000       __imp_RtlCaptureContext    000000018006b000     kernel32:KERNEL32.dll
 0002:00000008       __imp_RtlLookupFunctionEntry 000000018006b008     kernel32:KERNEL32.dll
 0002:00000010       __imp_RtlVirtualUnwind     000000018006b010     kernel32:KERNEL32.dll
 0002:00000018       __imp_UnhandledExceptionFilter 000000018006b018     kernel32:KERNEL32.dll
 0002:00000020       __imp_SetUnhandledExceptionFilter 000000018006b020     kernel32:KERNEL32.dll
 0002:00000028       __imp_GetCurrentProcess    000000018006b028     kernel32:KERNEL32.dll
 0002:00000030       __imp_TerminateProcess     000000018006b030     kernel32:KERNEL32.dll
 0002:00000038       __imp_IsProcessorFeaturePresent 000000018006b038     kernel32:KERNEL32.dll
 0002:00000040       __imp_QueryPerformanceCounter 000000018006b040     kernel32:KERNEL32.dll
 0002:00000048       __imp_GetCurrentProcessId  000000018006b048     kernel32:KERNEL32.dll
 0002:00000050       __imp_GetCurrentThreadId   000000018006b050     kernel32:KERNEL32.dll
 0002:00000058       __imp_GetSystemTimeAsFileTime 000000018006b058     kernel32:KERNEL32.dll
 0002:00000060       __imp_DisableThreadLibraryCalls 000000018006b060     kernel32:KERNEL32.dll
 0002:00000068       __imp_InitializeSListHead  000000018006b068     kernel32:KERNEL32.dll
 0002:00000070       __imp_IsDebuggerPresent    000000018006b070     kernel32:KERNEL32.dll
 0002:00000078       __imp_GetModuleHandleW     000000018006b078     kernel32:KERNEL32.dll
 0002:00000080       __imp_GetStartupInfoW      000000018006b080     kernel32:KERNEL32.dll
 0002:00000088       \177KERNEL32_NULL_THUNK_DATA 000000018006b088     kernel32:KERNEL32.dll
 0002:00000090       __imp_memset               000000018006b090     vcruntime:VCRUNTIME140.dll
 0002:00000098       __imp___std_type_info_destroy_list 000000018006b098     vcruntime:VCRUNTIME140.dll
 0002:000000a0       __imp_memcpy               000000018006b0a0     vcruntime:VCRUNTIME140.dll
 0002:000000a8       __imp___C_specific_handler 000000018006b0a8     vcruntime:VCRUNTIME140.dll
 0002:000000b0       \177VCRUNTIME140_NULL_THUNK_DATA 000000018006b0b0     vcruntime:VCRUNTIME140.dll
 0002:000000b8       __imp_free                 000000018006b0b8     ucrt:api-ms-win-crt-heap-l1-1-0.dll
 0002:000000c0       __imp_malloc               000000018006b0c0     ucrt:api-ms-win-crt-heap-l1-1-0.dll
 0002:000000c8       \177api-ms-win-crt-heap-l1-1-0_NULL_THUNK_DATA 000000018006b0c8     ucrt:api-ms-win-crt-heap-l1-1-0.dll
 0002:000000d0       __imp__initterm_e          000000018006b0d0     ucrt:api-ms-win-crt-runtime-l1-1-0.dll
 0002:000000d8       __imp__seh_filter_dll      000000018006b0d8     ucrt:api-ms-win-crt-runtime-l1-1-0.dll
 0002:000000e0       __imp__configure_narrow_argv 000000018006b0e0     ucrt:api-ms-win-crt-runtime-l1-1-0.dll
 0002:000000e8       __imp__initialize_narrow_environment 000000018006b0e8     ucrt:api-ms-win-crt-runtime-l1-1-0.dll
 0002:000000f0       __imp__initterm            000000018006b0f0     ucrt:api-ms-win-crt-runtime-l1-1-0.dll
 0002:000000f8       __imp__register_onexit_function 000000018006b0f8     ucrt:api-ms-win-crt-runtime-l1-1-0.dll
 0002:00000100       __imp__execute_onexit_table 000000018006b100     ucrt:api-ms-win-crt-runtime-l1-1-0.dll
 0002:00000108       __imp__crt_atexit          000000018006b108     ucrt:api-ms-win-crt-runtime-l1-1-0.dll
 0002:00000110       __imp__crt_at_quick_exit   000000018006b110     ucrt:api-ms-win-crt-runtime-l1-1-0.dll
 0002:00000118       __imp__cexit               000000018006b118     ucrt:api-ms-win-crt-runtime-l1-1-0.dll
 0002:00000120       __imp_terminate            000000018006b120     ucrt:api-ms-win-crt-runtime-l1-1-0.dll
 0002:00000128       __imp__initialize_onexit_table 000000018006b128     ucrt:api-ms-win-crt-runtime-l1-1-0.dll
 0002:00000130       \177api-ms-win-crt-runtime-l1-1-0_NULL_THUNK_DATA 000000018006b130     ucrt:api-ms-win-crt-runtime-l1-1-0.dll
 0002:00000138       __imp___stdio_common_vsprintf 000000018006b138     ucrt:api-ms-win-crt-stdio-l1-1-0.dll
 0002:00000140       \177api-ms-win-crt-stdio-l1-1-0_NULL_THUNK_DATA 000000018006b140     ucrt:api-ms-win-crt-stdio-l1-1-0.dll
 0002:00000148       __imp_strcmp               000000018006b148     ucrt:api-ms-win-crt-string-l1-1-0.dll
 0002:00000150       \177api-ms-win-crt-string-l1-1-0_NULL_THUNK_DATA 000000018006b150     ucrt:api-ms-win-crt-string-l1-1-0.dll
 0002:00000158       __imp_mexErrMsgTxt         000000018006b158     libmex:libmex.dll
 0002:00000160       __imp_mexWarnMsgTxt        000000018006b160     libmex:libmex.dll
 0002:00000168       __imp_mexIsLocked          000000018006b168     libmex:libmex.dll
 0002:00000170       __imp_mexUnlock            000000018006b170     libmex:libmex.dll
 0002:00000178       __imp_mexLock              000000018006b178     libmex:libmex.dll
 0002:00000180       __imp_mexCallMATLABWithObject 000000018006b180     libmex:libmex.dll
 0002:00000188       __imp_mexMakeArrayPersistent 000000018006b188     libmex:libmex.dll
 0002:00000190       \177libmex_NULL_THUNK_DATA 000000018006b190     libmex:libmex.dll
 0002:00000198       __imp_muDoubleScalarAbs    000000018006b198     libmwmathutil:libmwmathutil.dll
 0002:000001a0       \177libmwmathutil_NULL_THUNK_DATA 000000018006b1a0     libmwmathutil:libmwmathutil.dll
 0002:000001a8       __imp_mxGetN               000000018006b1a8     libmx:libmx.dll
 0002:000001b0       __imp_mxIsComplex          000000018006b1b0     libmx:libmx.dll
 0002:000001b8       __imp_mxIsNumeric          000000018006b1b8     libmx:libmx.dll
 0002:000001c0       __imp_mxGetClassID         000000018006b1c0     libmx:libmx.dll
 0002:000001c8       __imp_mxGetM               000000018006b1c8     libmx:libmx.dll
 0002:000001d0       __imp_mxCalloc             000000018006b1d0     libmx:libmx.dll
 0002:000001d8       __imp_mxCreateStructArray_730 000000018006b1d8     libmx:libmx.dll
 0002:000001e0       __imp_mxCreateStructMatrix_730 000000018006b1e0     libmx:libmx.dll
 0002:000001e8       __imp_mxCreateCellArray_730 000000018006b1e8     libmx:libmx.dll
 0002:000001f0       __imp_mxCreateCellMatrix_730 000000018006b1f0     libmx:libmx.dll
 0002:000001f8       __imp_mxCreateString       000000018006b1f8     libmx:libmx.dll
 0002:00000200       __imp_mxCreateDoubleScalar 000000018006b200     libmx:libmx.dll
 0002:00000208       __imp_mxSetField_730       000000018006b208     libmx:libmx.dll
 0002:00000210       __imp_mxDuplicateArray     000000018006b210     libmx:libmx.dll
 0002:00000218       __imp_mxGetString_730      000000018006b218     libmx:libmx.dll
 0002:00000220       __imp_mxCreateDoubleMatrix_730 000000018006b220     libmx:libmx.dll
 0002:00000228       __imp_mxDestroyArray       000000018006b228     libmx:libmx.dll
 0002:00000230       __imp_mxGetScalar          000000018006b230     libmx:libmx.dll
 0002:00000238       __imp_mxGetPr              000000018006b238     libmx:libmx.dll
 0002:00000240       __imp_mxIsChar             000000018006b240     libmx:libmx.dll
 0002:00000248       \177libmx_NULL_THUNK_DATA  000000018006b248     libmx:libmx.dll
 0002:00000250       __imp_utMalloc             000000018006b250     libut:libut.dll
 0002:00000258       __imp_utFree               000000018006b258     libut:libut.dll
 0002:00000260       \177libut_NULL_THUNK_DATA  000000018006b260     libut:libut.dll
 0002:00000268       __imp_sf_eml_array_bounds_check 000000018006b268     sf_runtime:sf_runtime.dll
 0002:00000270       __imp_sf_integer_check     000000018006b270     sf_runtime:sf_runtime.dll
 0002:00000278       __imp_eml_debug_line_call  000000018006b278     sf_runtime:sf_runtime.dll
 0002:00000280       __imp_cv_eml_init_fcn      000000018006b280     sf_runtime:sf_runtime.dll
 0002:00000288       __imp_sf_debug_unset_instance_data_value_ptr 000000018006b288     sf_runtime:sf_runtime.dll
 0002:00000290       __imp_sf_debug_cv_init_relationalop 000000018006b290     sf_runtime:sf_runtime.dll
 0002:00000298       __imp_sf_get_ChartInfoStruct_CodeGen 000000018006b298     sf_runtime:sf_runtime.dll
 0002:000002a0       __imp_sf_get_hasSeparateUpdateOutputs 000000018006b2a0     sf_runtime:sf_runtime.dll
 0002:000002a8       __imp_ssGetOutputPortSignal_wrapper 000000018006b2a8     sf_runtime:sf_runtime.dll
 0002:000002b0       __imp_call_sf_machine_global_method_dispatcher 000000018006b2b0     sf_runtime:sf_runtime.dll
 0002:000002b8       __imp_getRuntimeInstanceInfoAsVoid 000000018006b2b8     sf_runtime:sf_runtime.dll
 0002:000002c0       __imp_sf_mex_error_direct_call 000000018006b2c0     sf_runtime:sf_runtime.dll
 0002:000002c8       __imp_sf_clear_error_manager_info 000000018006b2c8     sf_runtime:sf_runtime.dll
 0002:000002d0       __imp_sf_debug_create_debug_instance_struct 000000018006b2d0     sf_runtime:sf_runtime.dll
 0002:000002d8       __imp_sf_debug_terminate   000000018006b2d8     sf_runtime:sf_runtime.dll
 0002:000002e0       __imp_sf_debug_api         000000018006b2e0     sf_runtime:sf_runtime.dll
 0002:000002e8       __imp_sf_debug_read_before_write_error 000000018006b2e8     sf_runtime:sf_runtime.dll
 0002:000002f0       __imp_sf_debug_cv_init_state 000000018006b2f0     sf_runtime:sf_runtime.dll
 0002:000002f8       __imp_sf_debug_cv_init_chart 000000018006b2f8     sf_runtime:sf_runtime.dll
 0002:00000300       __imp_sf_debug_cv_init_trans 000000018006b300     sf_runtime:sf_runtime.dll
 0002:00000308       __imp_sf_debug_data_range_wrapper 000000018006b308     sf_runtime:sf_runtime.dll
 0002:00000310       __imp_sf_mex_import_named  000000018006b310     sf_runtime:sf_runtime.dll
 0002:00000318       __imp_sf_debug_set_chart_state_substate_count 000000018006b318     sf_runtime:sf_runtime.dll
 0002:00000320       __imp_sf_debug_set_chart_substate_index 000000018006b320     sf_runtime:sf_runtime.dll
 0002:00000328       __imp_sf_debug_set_chart_substate_count 000000018006b328     sf_runtime:sf_runtime.dll
 0002:00000330       __imp_sf_debug_set_chart_decomposition 000000018006b330     sf_runtime:sf_runtime.dll
 0002:00000338       __imp_sf_debug_set_chart_state_info 000000018006b338     sf_runtime:sf_runtime.dll
 0002:00000340       __imp_sf_debug_set_chart_event_thresholds 000000018006b340     sf_runtime:sf_runtime.dll
 0002:00000348       __imp_sf_debug_set_chart_disable_implicit_casting 000000018006b348     sf_runtime:sf_runtime.dll
 0002:00000350       __imp_sf_debug_set_instance_data_value_ptr 000000018006b350     sf_runtime:sf_runtime.dll
 0002:00000358       __imp_sf_debug_symbol_scope_add_eml_importable 000000018006b358     sf_runtime:sf_runtime.dll
 0002:00000360       __imp_sf_debug_symbol_scope_pop 000000018006b360     sf_runtime:sf_runtime.dll
 0002:00000368       __imp_sf_debug_symbol_scope_push_eml 000000018006b368     sf_runtime:sf_runtime.dll
 0002:00000370       __imp_sf_debug_symbol_scope_push 000000018006b370     sf_runtime:sf_runtime.dll
 0002:00000378       __imp_sf_debug_set_chart_data_compiled_props 000000018006b378     sf_runtime:sf_runtime.dll
 0002:00000380       __imp_sf_debug_set_chart_data_props 000000018006b380     sf_runtime:sf_runtime.dll
 0002:00000388       __imp_sf_debug_animate     000000018006b388     sf_runtime:sf_runtime.dll
 0002:00000390       __imp_sf_debug_set_animation 000000018006b390     sf_runtime:sf_runtime.dll
 0002:00000398       __imp_sf_debug_get_animation 000000018006b398     sf_runtime:sf_runtime.dll
 0002:000003a0       __imp_sf_debug_set_honor_breakpoints 000000018006b3a0     sf_runtime:sf_runtime.dll
 0002:000003a8       __imp_sf_debug_check_for_state_inconsistency 000000018006b3a8     sf_runtime:sf_runtime.dll
 0002:000003b0       __imp_sf_debug_reset_current_state_configuration 000000018006b3b0     sf_runtime:sf_runtime.dll
 0002:000003b8       __imp_cv_eml_init_relational 000000018006b3b8     sf_runtime:sf_runtime.dll
 0002:000003c0       __imp_cv_eml_init_mcdc     000000018006b3c0     sf_runtime:sf_runtime.dll
 0002:000003c8       __imp_cv_eml_init_if       000000018006b3c8     sf_runtime:sf_runtime.dll
 0002:000003d0       __imp_sf_get_output_port_reusable 000000018006b3d0     sf_runtime:sf_runtime.dll
 0002:000003d8       __imp_sf_debug_set_chart_state_substate_index 000000018006b3d8     sf_runtime:sf_runtime.dll
 0002:000003e0       __imp_sf_mex_get_sfun_param 000000018006b3e0     sf_runtime:sf_runtime.dll
 0002:000003e8       __imp_cv_eml_init_script   000000018006b3e8     sf_runtime:sf_runtime.dll
 0002:000003f0       __imp_cv_eval_relational   000000018006b3f0     sf_runtime:sf_runtime.dll
 0002:000003f8       __imp_ssGetInputPortSignal_wrapper 000000018006b3f8     sf_runtime:sf_runtime.dll
 0002:00000400       __imp_ssGetDWork_wrapper   000000018006b400     sf_runtime:sf_runtime.dll
 0002:00000408       __imp_sf_mex_duplicatearraysafe 000000018006b408     sf_runtime:sf_runtime.dll
 0002:00000410       __imp_sf_mex_decode_encoded_mx_struct_array 000000018006b410     sf_runtime:sf_runtime.dll
 0002:00000418       __imp_sf_mex_import        000000018006b418     sf_runtime:sf_runtime.dll
 0002:00000420       __imp_sf_mex_destroy       000000018006b420     sf_runtime:sf_runtime.dll
 0002:00000428       __imp_sf_mex_dup           000000018006b428     sf_runtime:sf_runtime.dll
 0002:00000430       __imp_sf_mex_assign        000000018006b430     sf_runtime:sf_runtime.dll
 0002:00000438       __imp_sf_mex_getcell       000000018006b438     sf_runtime:sf_runtime.dll
 0002:00000440       __imp_sf_mex_setcell       000000018006b440     sf_runtime:sf_runtime.dll
 0002:00000448       __imp_sf_mex_createcellmatrix 000000018006b448     sf_runtime:sf_runtime.dll
 0002:00000450       __imp_sf_mex_create        000000018006b450     sf_runtime:sf_runtime.dll
 0002:00000458       __imp_sf_mex_error_message 000000018006b458     sf_runtime:sf_runtime.dll
 0002:00000460       __imp_ssSetBlockIsPurelyCombinatorial_wrapper 000000018006b460     sf_runtime:sf_runtime.dll
 0002:00000468       __imp_sf_register_codegen_names_for_scoped_functions_defined_by_chart 000000018006b468     sf_runtime:sf_runtime.dll
 0002:00000470       __imp_sf_set_chart_accesses_machine_info 000000018006b470     sf_runtime:sf_runtime.dll
 0002:00000478       __imp_sf_is_first_init_cond 000000018006b478     sf_runtime:sf_runtime.dll
 0002:00000480       __imp_sf_get_time          000000018006b480     sf_runtime:sf_runtime.dll
 0002:00000488       __imp_sf_set_encoded_dwork_info 000000018006b488     sf_runtime:sf_runtime.dll
 0002:00000490       __imp_sf_get_dwork_info_from_mat_file 000000018006b490     sf_runtime:sf_runtime.dll
 0002:00000498       __imp_sf_set_rtw_dwork_info 000000018006b498     sf_runtime:sf_runtime.dll
 0002:000004a0       __imp_sf_clear_rtw_identifier 000000018006b4a0     sf_runtime:sf_runtime.dll
 0002:000004a8       __imp_sim_mode_is_modelref_sim 000000018006b4a8     sf_runtime:sf_runtime.dll
 0002:000004b0       __imp_cv_eml_eval          000000018006b4b0     sf_runtime:sf_runtime.dll
 0002:000004b8       __imp_cv_eval_point        000000018006b4b8     sf_runtime:sf_runtime.dll
 0002:000004c0       __imp_sim_mode_is_external 000000018006b4c0     sf_runtime:sf_runtime.dll
 0002:000004c8       __imp_sim_mode_is_rtw_gen  000000018006b4c8     sf_runtime:sf_runtime.dll
 0002:000004d0       __imp_sf_mark_chart_expressionable_inputs 000000018006b4d0     sf_runtime:sf_runtime.dll
 0002:000004d8       __imp_sf_mark_chart_reusable_outputs 000000018006b4d8     sf_runtime:sf_runtime.dll
 0002:000004e0       __imp_sf_is_chart_inlinable 000000018006b4e0     sf_runtime:sf_runtime.dll
 0002:000004e8       __imp_sf_update_buildInfo  000000018006b4e8     sf_runtime:sf_runtime.dll
 0002:000004f0       __imp_sf_rtw_info_uint_prop 000000018006b4f0     sf_runtime:sf_runtime.dll
 0002:000004f8       __imp_sf_get_chart_instance_ptr 000000018006b4f8     sf_runtime:sf_runtime.dll
 0002:00000500       __imp_sfrtGetEmlrtCtx      000000018006b500     sf_runtime:sf_runtime.dll
 0002:00000508       __imp_sf_free_ChartRunTimeInfo 000000018006b508     sf_runtime:sf_runtime.dll
 0002:00000510       __imp_sf_init_ChartRunTimeInfo 000000018006b510     sf_runtime:sf_runtime.dll
 0002:00000518       __imp_sf_debug_set_machine_data_thresholds 000000018006b518     sf_runtime:sf_runtime.dll
 0002:00000520       __imp_sf_debug_set_machine_event_thresholds 000000018006b520     sf_runtime:sf_runtime.dll
 0002:00000528       __imp_sf_debug_initialize_machine 000000018006b528     sf_runtime:sf_runtime.dll
 0002:00000530       __imp_sf_debug_call        000000018006b530     sf_runtime:sf_runtime.dll
 0002:00000538       __imp_sf_debug_initialize_chart 000000018006b538     sf_runtime:sf_runtime.dll
 0002:00000540       __imp_callMdlMethodAndReportError 000000018006b540     sf_runtime:sf_runtime.dll
 0002:00000548       __imp_sf_load_rtw_optimization_info 000000018006b548     sf_runtime:sf_runtime.dll
 0002:00000550       \177sf_runtime_NULL_THUNK_DATA 000000018006b550     sf_runtime:sf_runtime.dll
 0002:00000558       __guard_check_icall_fptr   000000018006b558     MSVCRT:guard_support.obj
 0002:00000560       __guard_dispatch_icall_fptr 000000018006b560     MSVCRT:guard_support.obj
 0002:00000568       __xc_a                     000000018006b568     MSVCRT:initializers.obj
 0002:00000570       __xc_z                     000000018006b570     MSVCRT:initializers.obj
 0002:00000578       __xi_a                     000000018006b578     MSVCRT:initializers.obj
 0002:00000580       __xi_z                     000000018006b580     MSVCRT:initializers.obj
 0002:00000588       __xp_a                     000000018006b588     MSVCRT:initializers.obj
 0002:00000590       __xp_z                     000000018006b590     MSVCRT:initializers.obj
 0002:00000598       __xt_a                     000000018006b598     MSVCRT:initializers.obj
 0002:000005a0       __xt_z                     000000018006b5a0     MSVCRT:initializers.obj
 0002:000005b0       ??_C@_0BD@BNCDKPGM@get_testpoint_info?$AA@ 000000018006b5b0     modello_2017b_levaRetro_acc_sfun.obj
 0002:000005c8       ??_C@_0BM@CKKPKCFD@modello_2017b_levaRetro_acc?$AA@ 000000018006b5c8     modello_2017b_levaRetro_acc_sfun.obj
 0002:000005e8       ??_C@_0BB@FLJEPEHM@sf_get_check_sum?$AA@ 000000018006b5e8     modello_2017b_levaRetro_acc_sfun.obj
 0002:00000600       ??_C@_07MHDNFCJE@machine?$AA@ 000000018006b600     modello_2017b_levaRetro_acc_sfun.obj
 0002:00000608       ??_C@_05PGKDIPIO@chart?$AA@ 000000018006b608     modello_2017b_levaRetro_acc_sfun.obj
 0002:00000610       ??_C@_06JJLAMBGK@target?$AA@ 000000018006b610     modello_2017b_levaRetro_acc_sfun.obj
 0002:00000618       ??_C@_0BJ@FMGCKEMJ@get_autoinheritance_info?$AA@ 000000018006b618     modello_2017b_levaRetro_acc_sfun.obj
 0002:00000638       ??_C@_0BH@DNEOBNIL@INC8xUk6zxwBmWTkYHlCDD?$AA@ 000000018006b638     modello_2017b_levaRetro_acc_sfun.obj
 0002:00000650       ??_C@_0BH@NIGBCPPE@Hlx2HsZKwEzOxtBXgP4BDF?$AA@ 000000018006b650     modello_2017b_levaRetro_acc_sfun.obj
 0002:00000668       ??_C@_0BH@ILJDHLCD@LAh3ABNNIFQlrx7v2rVruH?$AA@ 000000018006b668     modello_2017b_levaRetro_acc_sfun.obj
 0002:00000680       ??_C@_0BH@ILBFGEHN@WLZY3NHFFqg9MypKPWZ62G?$AA@ 000000018006b680     modello_2017b_levaRetro_acc_sfun.obj
 0002:00000698       ??_C@_0BH@IOHCBMJB@1nIrZttZEskfxWHOTx2B0F?$AA@ 000000018006b698     modello_2017b_levaRetro_acc_sfun.obj
 0002:000006b0       ??_C@_0BG@EMKMHKDA@b5XaH9MM9W9G9tV4BmBUG?$AA@ 000000018006b6b0     modello_2017b_levaRetro_acc_sfun.obj
 0002:000006c8       ??_C@_0BH@FKLDJIID@QbdMYaFhldBRrzYS02wz5G?$AA@ 000000018006b6c8     modello_2017b_levaRetro_acc_sfun.obj
 0002:000006e0       ??_C@_0CA@EADCEDHE@get_eml_resolved_functions_info?$AA@ 000000018006b6e0     modello_2017b_levaRetro_acc_sfun.obj
 0002:00000700       ??_C@_0BH@KPBBAGKF@smnQtd9lNWbnLFQrc523Q2?$AA@ 000000018006b700     modello_2017b_levaRetro_acc_sfun.obj
 0002:00000718       ??_C@_0BI@PIGBMEGJ@s1DHf08QMVJO4dKCRO8FlSB?$AA@ 000000018006b718     modello_2017b_levaRetro_acc_sfun.obj
 0002:00000730       ??_C@_0BI@LFDFPLKB@sQEptMnNBUPwHCw1eYoyvuF?$AA@ 000000018006b730     modello_2017b_levaRetro_acc_sfun.obj
 0002:00000748       ??_C@_0BH@CNKAHMG@steNKPNSUQf4vQNVObwfHQ?$AA@ 000000018006b748     modello_2017b_levaRetro_acc_sfun.obj
 0002:00000760       ??_C@_0BI@JKMCGJF@samRfI632KlLbs3HElNH3bE?$AA@ 000000018006b760     modello_2017b_levaRetro_acc_sfun.obj
 0002:00000778       ??_C@_0BI@KDHKKKNL@sSM7BGCsF4Knvab9kXArrGB?$AA@ 000000018006b778     modello_2017b_levaRetro_acc_sfun.obj
 0002:00000790       ??_C@_0BH@HFMKAONH@s0WvxjbeSVsD0VsWiAkQHK?$AA@ 000000018006b790     modello_2017b_levaRetro_acc_sfun.obj
 0002:000007a8       ??_C@_0BK@OHOOMENA@get_third_party_uses_info?$AA@ 000000018006b7a8     modello_2017b_levaRetro_acc_sfun.obj
 0002:000007c8       ??_C@_0BG@LBHKCKOM@get_jit_fallback_info?$AA@ 000000018006b7c8     modello_2017b_levaRetro_acc_sfun.obj
 0002:000007e0       ??_C@_0BO@DEKBDHJJ@get_updateBuildInfo_args_info?$AA@ 000000018006b7e0     modello_2017b_levaRetro_acc_sfun.obj
 0002:00000800       ??_C@_04DAKGNGLA@sfun?$AA@ 000000018006b800     modello_2017b_levaRetro_acc_sfun.obj
 0002:00000808       ??_C@_06ODCJABFF@nargin?$AA@ 000000018006b808     c1_modello_2017b_levaRetro_acc.obj
 0002:00000810       ??_C@_07GFKJCDMF@nargout?$AA@ 000000018006b810     c1_modello_2017b_levaRetro_acc.obj
 0002:00000818       ??_C@_0BM@CNOPAJGO@sf_internal_predicateOutput?$AA@ 000000018006b818     c1_modello_2017b_levaRetro_acc.obj
 0002:00000834       ??_C@_01EANLCPLP@y?$AA@    000000018006b834     c1_modello_2017b_levaRetro_acc.obj
 0002:00000838       ??_C@_0M@OIEFOPFL@controlword?$AA@ 000000018006b838     c1_modello_2017b_levaRetro_acc.obj
 0002:00000848       ??_C@_0O@FHBEOBJ@drive_enabled?$AA@ 000000018006b848     c1_modello_2017b_levaRetro_acc.obj
 0002:00000858       ??_C@_0M@MPGMECGD@drive_ready?$AA@ 000000018006b858     c1_modello_2017b_levaRetro_acc.obj
 0002:00000868       ??_C@_0P@HJIFJIGE@fault_detected?$AA@ 000000018006b868     c1_modello_2017b_levaRetro_acc.obj
 0002:00000878       ??_C@_0CJ@MDOODOID@is_active_c1_modello_2017b_levaR@ 000000018006b878     c1_modello_2017b_levaRetro_acc.obj
 0002:000008a8       ??_C@_0CC@PPJILFMK@is_c1_modello_2017b_levaRetro_ac@ 000000018006b8a8     c1_modello_2017b_levaRetro_acc.obj
 0002:000008d0       ??_C@_0BF@FOEMPOPN@is_DS402StateMachine?$AA@ 000000018006b8d0     c1_modello_2017b_levaRetro_acc.obj
 0002:000008e8       ??_C@_0BE@ELHHHOAC@dataWrittenToVector?$AA@ 000000018006b8e8     c1_modello_2017b_levaRetro_acc.obj
 0002:00000900       ??_C@_0BA@LDEDEGOG@nameCaptureInfo?$AA@ 000000018006b900     c1_modello_2017b_levaRetro_acc.obj
 0002:00000910       ??_C@_08DNPJAFPH@checksum?$AA@ 000000018006b910     c1_modello_2017b_levaRetro_acc.obj
 0002:0000091c       ??_C@_06LMJKBNEF@inputs?$AA@ 000000018006b91c     c1_modello_2017b_levaRetro_acc.obj
 0002:00000928       ??_C@_0L@HHPOFMCB@parameters?$AA@ 000000018006b928     c1_modello_2017b_levaRetro_acc.obj
 0002:00000938       ??_C@_07EPCMHIAC@outputs?$AA@ 000000018006b938     c1_modello_2017b_levaRetro_acc.obj
 0002:00000940       ??_C@_06MPPADOBF@locals?$AA@ 000000018006b940     c1_modello_2017b_levaRetro_acc.obj
 0002:00000948       ??_C@_0BA@GNIFLIGG@postCodegenInfo?$AA@ 000000018006b948     c1_modello_2017b_levaRetro_acc.obj
 0002:00000958       ??_C@_04IAGNFIBA@size?$AA@ 000000018006b958     c1_modello_2017b_levaRetro_acc.obj
 0002:00000960       ??_C@_04GPMDFGEJ@type?$AA@ 000000018006b960     c1_modello_2017b_levaRetro_acc.obj
 0002:00000968       ??_C@_0L@EKHILPHI@complexity?$AA@ 000000018006b968     c1_modello_2017b_levaRetro_acc.obj
 0002:00000974       ??_C@_04BHIIPFEC@base?$AA@ 000000018006b974     c1_modello_2017b_levaRetro_acc.obj
 0002:0000097c       ??_C@_05LFJLPLPG@fixpt?$AA@ 000000018006b97c     c1_modello_2017b_levaRetro_acc.obj
 0002:00000988       ??_C@_0BB@IBODCOLK@isFixedPointType?$AA@ 000000018006b988     c1_modello_2017b_levaRetro_acc.obj
 0002:000009a0       ??_C@_0N@FNBJKNNB@fallbackType?$AA@ 000000018006b9a0     c1_modello_2017b_levaRetro_acc.obj
 0002:000009b0       ??_C@_0P@LHIHPNIN@fallbackReason?$AA@ 000000018006b9b0     c1_modello_2017b_levaRetro_acc.obj
 0002:000009c0       ??_C@_0BD@JNJMKOMN@hiddenFallbackType?$AA@ 000000018006b9c0     c1_modello_2017b_levaRetro_acc.obj
 0002:000009d8       ??_C@_0BF@MIPJDBOP@hiddenFallbackReason?$AA@ 000000018006b9d8     c1_modello_2017b_levaRetro_acc.obj
 0002:000009f0       ??_C@_0BD@MBPFBLBL@incompatibleSymbol?$AA@ 000000018006b9f0     c1_modello_2017b_levaRetro_acc.obj
 0002:00000a04       ??_C@_05MMFAAGKE@early?$AA@ 000000018006ba04     c1_modello_2017b_levaRetro_acc.obj
 0002:00000a10       ??_C@_08MAPLEDDC@ext_mode?$AA@ 000000018006ba10     c1_modello_2017b_levaRetro_acc.obj
 0002:00000a19       ??_C@_00CNPNBAHC@?$AA@     000000018006ba19     c1_modello_2017b_levaRetro_acc.obj
 0002:00000a20       ??_C@_0CB@OGALNHBM@exportedFunctionsUsedByThisChart@ 000000018006ba20     c1_modello_2017b_levaRetro_acc.obj
 0002:00000a48       ??_C@_0BK@PBMGMDMC@exportedFunctionsChecksum?$AA@ 000000018006ba48     c1_modello_2017b_levaRetro_acc.obj
 0002:00000a68       ??_C@_0O@MGONKHEL@chartChecksum?$AA@ 000000018006ba68     c1_modello_2017b_levaRetro_acc.obj
 0002:00000a78       ??_C@_07LLOMCJOI@varInfo?$AA@ 000000018006ba78     c1_modello_2017b_levaRetro_acc.obj
 0002:00000a80       ??_C@_0BFE@PODKMLHC@100?5S1x8?8type?8?0?8srcId?8?0?8name?8?0?8a@ 000000018006ba80     c1_modello_2017b_levaRetro_acc.obj
 0002:00000bd8       ??_C@_0L@CCKNBMHK@statusword?$AA@ 000000018006bbd8     c1_modello_2017b_levaRetro_acc.obj
 0002:00000be8       ??_C@_0N@IPBCHKMI@enable_drive?$AA@ 000000018006bbe8     c1_modello_2017b_levaRetro_acc.obj
 0002:00000bf8       ??_C@_0M@LHFFIMGH@reset_fault?$AA@ 000000018006bbf8     c1_modello_2017b_levaRetro_acc.obj
 0002:00000c08       ??_C@_0L@FHOCOHFJ@quick_stop?$AA@ 000000018006bc08     c1_modello_2017b_levaRetro_acc.obj
 0002:00000c18       ??_C@_0O@PMDHHBP@dworkChecksum?$AA@ 000000018006bc18     c1_modello_2017b_levaRetro_acc.obj
 0002:00000c30       ??_C@_0CIA@PNAKEECK@Code?5generation?5and?5simulation?5t@ 000000018006bc30     c1_modello_2017b_levaRetro_acc.obj
 0002:00000eb0       ??_C@_0BAE@GKDKCHLO@100?5S1x3?8varName?8?0?8path?8?$HL?$HLT?$CCis_a@ 000000018006beb0     c1_modello_2017b_levaRetro_acc.obj
 0002:00000fc0       ??_C@_0BCH@KFHLBFGF@100?5S1x4?8type?8?0?8isSigned?8?0?8wordL@ 000000018006bfc0     c1_modello_2017b_levaRetro_acc.obj
 0002:000010e8       ??_C@_0CE@GCOMPGOI@gatewayCannotBeInlinedMultipleTi@ 000000018006c0e8     c1_modello_2017b_levaRetro_acc.obj
 0002:00001110       ??_C@_09PLDBFLJF@Stateflow?$AA@ 000000018006c110     c1_modello_2017b_levaRetro_acc.obj
 0002:00001120       ??_C@_0BD@LODGPJN@StateflowChartType?$AA@ 000000018006c120     c1_modello_2017b_levaRetro_acc.obj
 0002:00001138       ??_C@_0CO@DMGIOHMB@Could?5not?5allocate?5memory?5for?5ch@ 000000018006c138     c1_modello_2017b_levaRetro_acc.obj
 0002:00001170       ??_C@_0HD@NAENJFFC@Stateflow?5Internal?5Error?3?6Error?5@ 000000018006c170     c1_modello_2017b_levaRetro_acc.obj
 0002:000011e4       __real@3f800000            000000018006c1e4     c1_modello_2017b_levaRetro_acc.obj
 0002:000011e8       __real@3ff0000000000000    000000018006c1e8     c1_modello_2017b_levaRetro_acc.obj
 0002:000011f0       __real@4014000000000000    000000018006c1f0     c1_modello_2017b_levaRetro_acc.obj
 0002:000011f8       __real@401c000000000000    000000018006c1f8     c1_modello_2017b_levaRetro_acc.obj
 0002:00001200       __real@4020000000000000    000000018006c200     c1_modello_2017b_levaRetro_acc.obj
 0002:00001208       __real@4022000000000000    000000018006c208     c1_modello_2017b_levaRetro_acc.obj
 0002:00001210       __real@4024000000000000    000000018006c210     c1_modello_2017b_levaRetro_acc.obj
 0002:00001218       __real@402e000000000000    000000018006c218     c1_modello_2017b_levaRetro_acc.obj
 0002:00001220       __real@4040000000000000    000000018006c220     c1_modello_2017b_levaRetro_acc.obj
 0002:00001228       __real@4040800000000000    000000018006c228     c1_modello_2017b_levaRetro_acc.obj
 0002:00001230       __real@4041800000000000    000000018006c230     c1_modello_2017b_levaRetro_acc.obj
 0002:00001238       __real@4043800000000000    000000018006c238     c1_modello_2017b_levaRetro_acc.obj
 0002:00001240       __real@4044000000000000    000000018006c240     c1_modello_2017b_levaRetro_acc.obj
 0002:00001248       __real@4047800000000000    000000018006c248     c1_modello_2017b_levaRetro_acc.obj
 0002:00001250       __real@4050000000000000    000000018006c250     c1_modello_2017b_levaRetro_acc.obj
 0002:00001258       __real@4058000000000000    000000018006c258     c1_modello_2017b_levaRetro_acc.obj
 0002:00001260       ??_C@_07KMMNMMFF@command?$AA@ 000000018006c260     c2_modello_2017b_levaRetro_acc.obj
 0002:00001268       ??_C@_0N@JKFMJMKA@master_ready?$AA@ 000000018006c268     c2_modello_2017b_levaRetro_acc.obj
 0002:00001278       ??_C@_0CJ@IHEPBLJL@is_active_c2_modello_2017b_levaR@ 000000018006c278     c2_modello_2017b_levaRetro_acc.obj
 0002:000012a8       ??_C@_0CC@LLDJJANC@is_c2_modello_2017b_levaRetro_ac@ 000000018006c2a8     c2_modello_2017b_levaRetro_acc.obj
 0002:000012d0       ??_C@_0OO@MBHJCFAB@100?5S1x5?8type?8?0?8srcId?8?0?8name?8?0?8a@ 000000018006c2d0     c2_modello_2017b_levaRetro_acc.obj
 0002:000013c0       ??_C@_06DJIHEMFI@status?$AA@ 000000018006c3c0     c2_modello_2017b_levaRetro_acc.obj
 0002:000013c8       ??_C@_0O@DJPOAMFC@master_enable?$AA@ 000000018006c3c8     c2_modello_2017b_levaRetro_acc.obj
 0002:000013e0       ??_C@_0MA@CMABNMAH@100?5S1x2?8varName?8?0?8path?8?$HL?$HLT?$CCis_a@ 000000018006c3e0     c2_modello_2017b_levaRetro_acc.obj
 0002:000014a0       ??_C@_0BAB@JLMEAOHJ@100?5S1x3?8type?8?0?8isSigned?8?0?8wordL@ 000000018006c4a0     c2_modello_2017b_levaRetro_acc.obj
 0002:000015b0       ??_C@_0HD@CCOMLAPO@Stateflow?5Internal?5Error?3?6Error?5@ 000000018006c5b0     c2_modello_2017b_levaRetro_acc.obj
 0002:00001628       __real@4000000000000000    000000018006c628     c2_modello_2017b_levaRetro_acc.obj
 0002:00001630       __real@4010000000000000    000000018006c630     c2_modello_2017b_levaRetro_acc.obj
 0002:00001638       ??_C@_0CJ@LLCPPIJD@is_active_c3_modello_2017b_levaR@ 000000018006c638     c3_modello_2017b_levaRetro_acc.obj
 0002:00001668       ??_C@_0CC@IHFJHDNK@is_c3_modello_2017b_levaRetro_ac@ 000000018006c668     c3_modello_2017b_levaRetro_acc.obj
 0002:00001690       ??_C@_0BFE@MBNCMKNP@100?5S1x8?8type?8?0?8srcId?8?0?8name?8?0?8a@ 000000018006c690     c3_modello_2017b_levaRetro_acc.obj
 0002:000017f0       ??_C@_0BAE@OCKANOKK@100?5S1x3?8varName?8?0?8path?8?$HL?$HLT?$CCis_a@ 000000018006c7f0     c3_modello_2017b_levaRetro_acc.obj
 0002:00001900       ??_C@_0HD@MFKDFBKF@Stateflow?5Internal?5Error?3?6Error?5@ 000000018006c900     c3_modello_2017b_levaRetro_acc.obj
 0002:00001978       ??_C@_0O@JBCCHCMN@enable_drives?$AA@ 000000018006c978     c27_modello_2017b_levaRetro_acc.obj
 0002:00001988       ??_C@_0BA@LCOBEPJM@enable_ethercat?$AA@ 000000018006c988     c27_modello_2017b_levaRetro_acc.obj
 0002:00001998       ??_C@_0O@MJACHDJP@enable_forces?$AA@ 000000018006c998     c27_modello_2017b_levaRetro_acc.obj
 0002:000019a8       ??_C@_0N@EGCIIJBD@x_axis_reset?$AA@ 000000018006c9a8     c27_modello_2017b_levaRetro_acc.obj
 0002:000019b8       ??_C@_0N@JLLOFAJG@y_axis_reset?$AA@ 000000018006c9b8     c27_modello_2017b_levaRetro_acc.obj
 0002:000019c8       ??_C@_07LBFNLBGP@timenow?$AA@ 000000018006c9c8     c27_modello_2017b_levaRetro_acc.obj
 0002:000019d0       ??_C@_0CK@FJDFFFCG@is_active_c27_modello_2017b_leva@ 000000018006c9d0     c27_modello_2017b_levaRetro_acc.obj
 0002:00001a00       ??_C@_0CD@FGAJNKJJ@is_c27_modello_2017b_levaRetro_a@ 000000018006ca00     c27_modello_2017b_levaRetro_acc.obj
 0002:00001a30       ??_C@_0BGK@LHHFHLCK@100?5S1x9?8type?8?0?8srcId?8?0?8name?8?0?8a@ 000000018006ca30     c27_modello_2017b_levaRetro_acc.obj
 0002:00001b9c       ??_C@_05FAGFPHJG@start?$AA@ 000000018006cb9c     c27_modello_2017b_levaRetro_acc.obj
 0002:00001ba8       ??_C@_09HFOGINOG@eth_ready?$AA@ 000000018006cba8     c27_modello_2017b_levaRetro_acc.obj
 0002:00001bb4       ??_C@_04CLCEDBPF@time?$AA@ 000000018006cbb4     c27_modello_2017b_levaRetro_acc.obj
 0002:00001bc0       ??_C@_0BA@FFFAMIMP@x_axis_drive_en?$AA@ 000000018006cbc0     c27_modello_2017b_levaRetro_acc.obj
[...]
 0004:00001b84       $pdata$_ProcessMexSfunctionCmdLineCall 0000000180079b84     modello_2017b_levaRetro_acc_sfun_registry.obj
 0004:00001b90       $pdata$_RegNumInputPortsCB 0000000180079b90     modello_2017b_levaRetro_acc_sfun_registry.obj
 0004:00001b9c       $pdata$_RegNumOutputPortsCB 0000000180079b9c     modello_2017b_levaRetro_acc_sfun_registry.obj
 0004:00001ba8       $pdata$_ssGetAbsTol        0000000180079ba8     modello_2017b_levaRetro_acc_sfun_registry.obj
 0004:00001bb4       $pdata$_ssGetCallSystemNumFcnCallDestinations 0000000180079bb4     modello_2017b_levaRetro_acc_sfun_registry.obj
 0004:00001bc0       $pdata$_ssGetCompInputPortSymbolicDimsId 0000000180079bc0     modello_2017b_levaRetro_acc_sfun_registry.obj
 0004:00001bcc       $pdata$_ssGetCompOutputPortSymbolicDimsId 0000000180079bcc     modello_2017b_levaRetro_acc_sfun_registry.obj
 0004:00001bd8       $pdata$_ssGetIWorkValueFcn 0000000180079bd8     modello_2017b_levaRetro_acc_sfun_registry.obj
 0004:00001be4       $pdata$0$_ssGetIWorkValueFcn 0000000180079be4     modello_2017b_levaRetro_acc_sfun_registry.obj
 0004:00001bf0       $pdata$1$_ssGetIWorkValueFcn 0000000180079bf0     modello_2017b_levaRetro_acc_sfun_registry.obj
 0004:00001bfc       $pdata$_ssGetInputPortSignalFcn 0000000180079bfc     modello_2017b_levaRetro_acc_sfun_registry.obj
 0004:00001c08       $pdata$_ssGetInputPortSignalPtrsFcn 0000000180079c08     modello_2017b_levaRetro_acc_sfun_registry.obj
 0004:00001c14       $pdata$_ssGetNumSymbolicDims 0000000180079c14     modello_2017b_levaRetro_acc_sfun_registry.obj
 0004:00001c20       $pdata$_ssGetPWorkValueFcn 0000000180079c20     modello_2017b_levaRetro_acc_sfun_registry.obj
 0004:00001c2c       $pdata$0$_ssGetPWorkValueFcn 0000000180079c2c     modello_2017b_levaRetro_acc_sfun_registry.obj
 0004:00001c38       $pdata$1$_ssGetPWorkValueFcn 0000000180079c38     modello_2017b_levaRetro_acc_sfun_registry.obj
 0004:00001c44       $pdata$_ssGetRWorkValueFcn 0000000180079c44     modello_2017b_levaRetro_acc_sfun_registry.obj
 0004:00001c50       $pdata$0$_ssGetRWorkValueFcn 0000000180079c50     modello_2017b_levaRetro_acc_sfun_registry.obj
 0004:00001c5c       $pdata$1$_ssGetRWorkValueFcn 0000000180079c5c     modello_2017b_levaRetro_acc_sfun_registry.obj
 0004:00001c68       $pdata$_ssGetSymbolicDim   0000000180079c68     modello_2017b_levaRetro_acc_sfun_registry.obj
 0004:00001c74       $pdata$_ssRegisterSymbolicDims 0000000180079c74     modello_2017b_levaRetro_acc_sfun_registry.obj
 0004:00001c80       $pdata$_ssRegisterSymbolicDimsDivide 0000000180079c80     modello_2017b_levaRetro_acc_sfun_registry.obj
 0004:00001c8c       $pdata$_ssRegisterSymbolicDimsExpr 0000000180079c8c     modello_2017b_levaRetro_acc_sfun_registry.obj
 0004:00001c98       $pdata$_ssRegisterSymbolicDimsIntValue 0000000180079c98     modello_2017b_levaRetro_acc_sfun_registry.obj
 0004:00001ca4       $pdata$_ssRegisterSymbolicDimsMinus 0000000180079ca4     modello_2017b_levaRetro_acc_sfun_registry.obj
 0004:00001cb0       $pdata$_ssRegisterSymbolicDimsMultiply 0000000180079cb0     modello_2017b_levaRetro_acc_sfun_registry.obj
 0004:00001cbc       $pdata$_ssRegisterSymbolicDimsPlus 0000000180079cbc     modello_2017b_levaRetro_acc_sfun_registry.obj
 0004:00001cc8       $pdata$_ssRegisterSymbolicDimsString 0000000180079cc8     modello_2017b_levaRetro_acc_sfun_registry.obj
 0004:00001cd4       $pdata$_ssSetCompDWorkSymbolicDimsId 0000000180079cd4     modello_2017b_levaRetro_acc_sfun_registry.obj
 0004:00001ce0       $pdata$_ssSetCompInputPortSymbolicDimsId 0000000180079ce0     modello_2017b_levaRetro_acc_sfun_registry.obj
 0004:00001cec       $pdata$_ssSetCompOutputPortSymbolicDimsId 0000000180079cec     modello_2017b_levaRetro_acc_sfun_registry.obj
 0004:00001cf8       $pdata$_ssSetIWorkValueFcn 0000000180079cf8     modello_2017b_levaRetro_acc_sfun_registry.obj
 0004:00001d04       $pdata$0$_ssSetIWorkValueFcn 0000000180079d04     modello_2017b_levaRetro_acc_sfun_registry.obj
 0004:00001d10       $pdata$1$_ssSetIWorkValueFcn 0000000180079d10     modello_2017b_levaRetro_acc_sfun_registry.obj
 0004:00001d1c       $pdata$_ssSetInputPortDirectFeedThroughFcn 0000000180079d1c     modello_2017b_levaRetro_acc_sfun_registry.obj
 0004:00001d28       $pdata$_ssSetInputPortMatrixDimensions 0000000180079d28     modello_2017b_levaRetro_acc_sfun_registry.obj
 0004:00001d34       $pdata$_ssSetInputPortReusableFcn 0000000180079d34     modello_2017b_levaRetro_acc_sfun_registry.obj
 0004:00001d40       $pdata$_ssSetInputPortSymbolicDimsId 0000000180079d40     modello_2017b_levaRetro_acc_sfun_registry.obj
 0004:00001d4c       $pdata$_ssSetInputPortVectorDimension 0000000180079d4c     modello_2017b_levaRetro_acc_sfun_registry.obj
 0004:00001d58       $pdata$_ssSetOutputPortMatrixDimensions 0000000180079d58     modello_2017b_levaRetro_acc_sfun_registry.obj
 0004:00001d64       $pdata$_ssSetOutputPortReusableFcn 0000000180079d64     modello_2017b_levaRetro_acc_sfun_registry.obj
 0004:00001d70       $pdata$_ssSetOutputPortSymbolicDimsId 0000000180079d70     modello_2017b_levaRetro_acc_sfun_registry.obj
 0004:00001d7c       $pdata$_ssSetOutputPortVectorDimension 0000000180079d7c     modello_2017b_levaRetro_acc_sfun_registry.obj
 0004:00001d88       $pdata$_ssSetPWorkValueFcn 0000000180079d88     modello_2017b_levaRetro_acc_sfun_registry.obj
 0004:00001d94       $pdata$0$_ssSetPWorkValueFcn 0000000180079d94     modello_2017b_levaRetro_acc_sfun_registry.obj
 0004:00001da0       $pdata$1$_ssSetPWorkValueFcn 0000000180079da0     modello_2017b_levaRetro_acc_sfun_registry.obj
 0004:00001dac       $pdata$_ssSetRWorkValueFcn 0000000180079dac     modello_2017b_levaRetro_acc_sfun_registry.obj
 0004:00001db8       $pdata$0$_ssSetRWorkValueFcn 0000000180079db8     modello_2017b_levaRetro_acc_sfun_registry.obj
 0004:00001dc4       $pdata$1$_ssSetRWorkValueFcn 0000000180079dc4     modello_2017b_levaRetro_acc_sfun_registry.obj
 0004:00001dd0       $pdata$_vsnprintf_l        0000000180079dd0     modello_2017b_levaRetro_acc_sfun_registry.obj
 0004:00001ddc       $pdata$_vsprintf_l         0000000180079ddc     modello_2017b_levaRetro_acc_sfun_registry.obj
 0004:00001de8       $pdata$mdlGetSimState      0000000180079de8     modello_2017b_levaRetro_acc_sfun_registry.obj
 0004:00001df4       $pdata$mdlRTW              0000000180079df4     modello_2017b_levaRetro_acc_sfun_registry.obj
 0004:00001e00       $pdata$mdlSetSimState      0000000180079e00     modello_2017b_levaRetro_acc_sfun_registry.obj
 0004:00001e0c       $pdata$mdl_derivatives_processing 0000000180079e0c     modello_2017b_levaRetro_acc_sfun_registry.obj
 0004:00001e18       $pdata$mdl_disable_processing 0000000180079e18     modello_2017b_levaRetro_acc_sfun_registry.obj
 0004:00001e24       $pdata$mdl_enable_processing 0000000180079e24     modello_2017b_levaRetro_acc_sfun_registry.obj
 0004:00001e30       $pdata$mdl_ext_mode_exec_processing 0000000180079e30     modello_2017b_levaRetro_acc_sfun_registry.obj
 0004:00001e3c       $pdata$mdl_initialize_conditions_processing 0000000180079e3c     modello_2017b_levaRetro_acc_sfun_registry.obj
 0004:00001e48       $pdata$mdl_outputs_continuous_legacy 0000000180079e48     modello_2017b_levaRetro_acc_sfun_registry.obj
 0004:00001e54       $pdata$mdl_outputs_processing 0000000180079e54     modello_2017b_levaRetro_acc_sfun_registry.obj
 0004:00001e60       $pdata$mdl_start_processing 0000000180079e60     modello_2017b_levaRetro_acc_sfun_registry.obj
 0004:00001e6c       $pdata$mdl_terminate_processing 0000000180079e6c     modello_2017b_levaRetro_acc_sfun_registry.obj
 0004:00001e78       $pdata$mdl_update_processing 0000000180079e78     modello_2017b_levaRetro_acc_sfun_registry.obj
 0004:00001e84       $pdata$mdl_zeroCrossings_processing 0000000180079e84     modello_2017b_levaRetro_acc_sfun_registry.obj
 0004:00001e90       $pdata$mexFunction         0000000180079e90     modello_2017b_levaRetro_acc_sfun_registry.obj
 0004:00001e9c       $pdata$sf_debug_api_wrapper 0000000180079e9c     modello_2017b_levaRetro_acc_sfun_registry.obj
 0004:00001ea8       $pdata$sf_machine_global_initializer 0000000180079ea8     modello_2017b_levaRetro_acc_sfun_registry.obj
 0004:00001eb4       $pdata$sf_machine_global_method_dispatcher 0000000180079eb4     modello_2017b_levaRetro_acc_sfun_registry.obj
 0004:00001ec0       $pdata$sf_machine_global_terminator 0000000180079ec0     modello_2017b_levaRetro_acc_sfun_registry.obj
 0004:00001ecc       $pdata$sf_mex_unlock_call  0000000180079ecc     modello_2017b_levaRetro_acc_sfun_registry.obj
 0004:00001ed8       $pdata$sf_process_autoinheritance_call 0000000180079ed8     modello_2017b_levaRetro_acc_sfun_registry.obj
 0004:00001ee4       $pdata$sf_process_check_sum_call 0000000180079ee4     modello_2017b_levaRetro_acc_sfun_registry.obj
 0004:00001ef0       $pdata$sf_process_get_eml_resolved_functions_info_call 0000000180079ef0     modello_2017b_levaRetro_acc_sfun_registry.obj
 0004:00001efc       $pdata$sf_process_get_jit_fallback_info_call 0000000180079efc     modello_2017b_levaRetro_acc_sfun_registry.obj
 0004:00001f08       $pdata$sf_process_get_third_party_uses_info_call 0000000180079f08     modello_2017b_levaRetro_acc_sfun_registry.obj
 0004:00001f14       $pdata$sf_process_get_updateBuildInfo_args_info_call 0000000180079f14     modello_2017b_levaRetro_acc_sfun_registry.obj
 0004:00001f20       $pdata$sf_process_testpoint_info_call 0000000180079f20     modello_2017b_levaRetro_acc_sfun_registry.obj
 0004:00001f2c       $pdata$sprintf             0000000180079f2c     modello_2017b_levaRetro_acc_sfun_registry.obj
 0004:00001f38       $pdata$ssCloneAndAddZcSignalInfo 0000000180079f38     modello_2017b_levaRetro_acc_sfun_registry.obj
 0004:00001f44       $pdata$ssCreateAndAddZcSignalInfo 0000000180079f44     modello_2017b_levaRetro_acc_sfun_registry.obj
 0004:00001f50       $pdata$ssGetDTypeIdFromMxArray 0000000180079f50     modello_2017b_levaRetro_acc_sfun_registry.obj
 0004:00001f5c       $pdata$ssGetIsInputPortElementContinuous 0000000180079f5c     modello_2017b_levaRetro_acc_sfun_registry.obj
 0004:00001f68       $pdata$ssGetIsZeroCrossControlDisabled 0000000180079f68     modello_2017b_levaRetro_acc_sfun_registry.obj
 0004:00001f74       $pdata$ssGetNumZcSignals   0000000180079f74     modello_2017b_levaRetro_acc_sfun_registry.obj
 0004:00001f80       $pdata$ssGetParameterTuningCompliance 0000000180079f80     modello_2017b_levaRetro_acc_sfun_registry.obj
 0004:00001f8c       $pdata$ssGetSFuncBlockHandle 0000000180079f8c     modello_2017b_levaRetro_acc_sfun_registry.obj
 0004:00001f98       $pdata$ssGetZcSignalIsZcElementDisc 0000000180079f98     modello_2017b_levaRetro_acc_sfun_registry.obj
 0004:00001fa4       $pdata$ssGetZcSignalName   0000000180079fa4     modello_2017b_levaRetro_acc_sfun_registry.obj
 0004:00001fb0       $pdata$ssGetZcSignalNeedsEventNotification 0000000180079fb0     modello_2017b_levaRetro_acc_sfun_registry.obj
 0004:00001fbc       $pdata$ssGetZcSignalType   0000000180079fbc     modello_2017b_levaRetro_acc_sfun_registry.obj
 0004:00001fc8       $pdata$ssGetZcSignalVector 0000000180079fc8     modello_2017b_levaRetro_acc_sfun_registry.obj
 0004:00001fd4       $pdata$ssGetZcSignalWidth  0000000180079fd4     modello_2017b_levaRetro_acc_sfun_registry.obj
 0004:00001fe0       $pdata$ssGetZcSignalZcEventType 0000000180079fe0     modello_2017b_levaRetro_acc_sfun_registry.obj
 0004:00001fec       $pdata$ssGetZcSignalZcEvents 0000000180079fec     modello_2017b_levaRetro_acc_sfun_registry.obj
 0004:00001ff8       $pdata$ssGetZcSignalZcTol  0000000180079ff8     modello_2017b_levaRetro_acc_sfun_registry.obj
 0004:00002004       $pdata$ssIsRunTimeParamTunable 000000018007a004     modello_2017b_levaRetro_acc_sfun_registry.obj
 0004:00002010       $pdata$ssSetIsInputPortUsedForContZcSignal 000000018007a010     modello_2017b_levaRetro_acc_sfun_registry.obj
 0004:0000201c       $pdata$ssSetZcSignalIsZcElementDisc 000000018007a01c     modello_2017b_levaRetro_acc_sfun_registry.obj
 0004:00002028       $pdata$ssSetZcSignalNeedsEventNotification 000000018007a028     modello_2017b_levaRetro_acc_sfun_registry.obj
 0004:00002034       $pdata$ssSetZcSignalType   000000018007a034     modello_2017b_levaRetro_acc_sfun_registry.obj
 0004:00002040       $pdata$ssSetZcSignalWidth  000000018007a040     modello_2017b_levaRetro_acc_sfun_registry.obj
 0004:0000204c       $pdata$ssSetZcSignalZcEventType 000000018007a04c     modello_2017b_levaRetro_acc_sfun_registry.obj
 0004:00002058       $pdata$ssSetZcSignalZcTol  000000018007a058     modello_2017b_levaRetro_acc_sfun_registry.obj
 0004:00002064       $pdata$ssWarning           000000018007a064     modello_2017b_levaRetro_acc_sfun_registry.obj
 0004:00002070       $pdata$ssWriteRTWMx2dMatParam 000000018007a070     modello_2017b_levaRetro_acc_sfun_registry.obj
 0004:0000207c       $pdata$ssWriteRTWMxVectParam 000000018007a07c     modello_2017b_levaRetro_acc_sfun_registry.obj
 0004:00002088       $pdata$ssWriteRTWNameValuePair 000000018007a088     modello_2017b_levaRetro_acc_sfun_registry.obj
 0004:00002094       $pdata$0$ssWriteRTWNameValuePair 000000018007a094     modello_2017b_levaRetro_acc_sfun_registry.obj
 0004:000020a0       $pdata$1$ssWriteRTWNameValuePair 000000018007a0a0     modello_2017b_levaRetro_acc_sfun_registry.obj
 0004:000020ac       $pdata$ssWriteRTWParamSettings 000000018007a0ac     modello_2017b_levaRetro_acc_sfun_registry.obj
 0004:000020b8       $pdata$1$ssWriteRTWParamSettings 000000018007a0b8     modello_2017b_levaRetro_acc_sfun_registry.obj
 0004:000020c4       $pdata$2$ssWriteRTWParamSettings 000000018007a0c4     modello_2017b_levaRetro_acc_sfun_registry.obj
 0004:000020d0       $pdata$3$ssWriteRTWParamSettings 000000018007a0d0     modello_2017b_levaRetro_acc_sfun_registry.obj
 0004:000020dc       $pdata$ssWriteRTWParameters 000000018007a0dc     modello_2017b_levaRetro_acc_sfun_registry.obj
 0004:000020e8       $pdata$1$ssWriteRTWParameters 000000018007a0e8     modello_2017b_levaRetro_acc_sfun_registry.obj
 0004:000020f4       $pdata$2$ssWriteRTWParameters 000000018007a0f4     modello_2017b_levaRetro_acc_sfun_registry.obj
 0004:00002100       $pdata$3$ssWriteRTWParameters 000000018007a100     modello_2017b_levaRetro_acc_sfun_registry.obj
 0004:0000210c       $pdata$4$ssWriteRTWParameters 000000018007a10c     modello_2017b_levaRetro_acc_sfun_registry.obj
 0004:00002118       $pdata$ssWriteRTWWorkVect  000000018007a118     modello_2017b_levaRetro_acc_sfun_registry.obj
 0004:00002124       $pdata$3$ssWriteRTWWorkVect 000000018007a124     modello_2017b_levaRetro_acc_sfun_registry.obj
 0004:00002130       $pdata$4$ssWriteRTWWorkVect 000000018007a130     modello_2017b_levaRetro_acc_sfun_registry.obj
 0004:0000213c       $pdata$__GSHandlerCheck    000000018007a13c     MSVCRT:_gshandler_.obj
 0004:00002148       $pdata$__GSHandlerCheckCommon 000000018007a148     MSVCRT:_gshandler_.obj
 0004:00002160       $pdata$?dllmain_crt_dispatch@@YAHQEAUHINSTANCE__@@KQEAX@Z 000000018007a160     MSVCRT:dll_dllmain.obj
 0004:0000216c       $pdata$?dllmain_crt_process_attach@@YAHQEAUHINSTANCE__@@QEAX@Z 000000018007a16c     MSVCRT:dll_dllmain.obj
 0004:00002178       $pdata$?dllmain_crt_process_detach@@YAH_N@Z 000000018007a178     MSVCRT:dll_dllmain.obj
 0004:00002184       $pdata$?dllmain_dispatch@@YAHQEAUHINSTANCE__@@KQEAX@Z 000000018007a184     MSVCRT:dll_dllmain.obj
 0004:00002190       $pdata$?dllmain_raw@@YAHQEAUHINSTANCE__@@KQEAX@Z 000000018007a190     MSVCRT:dll_dllmain.obj
 0004:0000219c       $pdata$_DllMainCRTStartup  000000018007a19c     MSVCRT:dll_dllmain.obj
 0004:000021a8       $pdata$__raise_securityfailure 000000018007a1a8     MSVCRT:gs_report.obj
 0004:000021b4       $pdata$__report_gsfailure  000000018007a1b4     MSVCRT:gs_report.obj
 0004:000021c0       $pdata$__report_rangecheckfailure 000000018007a1c0     MSVCRT:gs_report.obj
 0004:000021cc       $pdata$__report_securityfailure 000000018007a1cc     MSVCRT:gs_report.obj
 0004:000021d8       $pdata$__report_securityfailureEx 000000018007a1d8     MSVCRT:gs_report.obj
 0004:000021e4       $pdata$capture_current_context 000000018007a1e4     MSVCRT:gs_report.obj
 0004:000021f0       $pdata$capture_previous_context 000000018007a1f0     MSVCRT:gs_report.obj
 0004:000021fc       $pdata$?configure_argv@__scrt_narrow_argv_policy@@SAHXZ 000000018007a1fc     MSVCRT:utility.obj
 0004:00002208       $pdata$__scrt_acquire_startup_lock 000000018007a208     MSVCRT:utility.obj
 0004:00002214       $pdata$__scrt_dllmain_after_initialize_c 000000018007a214     MSVCRT:utility.obj
 0004:00002220       $pdata$__scrt_dllmain_before_initialize_c 000000018007a220     MSVCRT:utility.obj
 0004:0000222c       $pdata$__scrt_dllmain_crt_thread_attach 000000018007a22c     MSVCRT:utility.obj
 0004:00002238       $pdata$__scrt_dllmain_crt_thread_detach 000000018007a238     MSVCRT:utility.obj
 0004:00002244       $pdata$__scrt_dllmain_exception_filter 000000018007a244     MSVCRT:utility.obj
 0004:00002250       $pdata$__scrt_dllmain_uninitialize_c 000000018007a250     MSVCRT:utility.obj
 0004:0000225c       $pdata$__scrt_dllmain_uninitialize_critical 000000018007a25c     MSVCRT:utility.obj
 0004:00002268       $pdata$__scrt_initialize_crt 000000018007a268     MSVCRT:utility.obj
 0004:00002274       $pdata$__scrt_initialize_onexit_tables 000000018007a274     MSVCRT:utility.obj
 0004:00002280       $pdata$__scrt_is_nonwritable_in_current_image 000000018007a280     MSVCRT:utility.obj
 0004:0000228c       $pdata$__scrt_release_startup_lock 000000018007a28c     MSVCRT:utility.obj
 0004:00002298       $pdata$__scrt_uninitialize_crt 000000018007a298     MSVCRT:utility.obj
 0004:000022a4       $pdata$_onexit             000000018007a2a4     MSVCRT:utility.obj
 0004:000022b0       $pdata$atexit              000000018007a2b0     MSVCRT:utility.obj
 0004:000022bc       $pdata$__security_init_cookie 000000018007a2bc     MSVCRT:gs_support.obj
 0004:000022c8       $pdata$DllMain             000000018007a2c8     MSVCRT:dll_dllmain_stub.obj
 0004:000022d4       $pdata$__scrt_initialize_default_local_stdio_options 000000018007a2d4     MSVCRT:default_local_stdio_options.obj
 0004:000022e0       $pdata$__scrt_fastfail     000000018007a2e0     MSVCRT:utility_desktop.obj
 0004:000022ec       $pdata$__scrt_get_show_window_mode 000000018007a2ec     MSVCRT:utility_desktop.obj
 0004:000022f8       $pdata$__scrt_is_managed_app 000000018007a2f8     MSVCRT:utility_desktop.obj
 0004:00002304       $pdata$__scrt_unhandled_exception_filter 000000018007a304     MSVCRT:utility_desktop.obj
 0004:00002310       $pdata$_RTC_Initialize     000000018007a310     MSVCRT:_initsect_.obj
 0004:0000231c       $pdata$_RTC_Terminate      000000018007a31c     MSVCRT:_initsect_.obj
 0004:00002328       $pdata$__isa_available_init 000000018007a328     MSVCRT:_cpu_disp_.obj
 0004:00002340       $pdata$?fin$0@?0??dllmain_crt_process_attach@@YAHQEAUHINSTANCE__@@QEAX@Z@4HA 000000018007a340     MSVCRT:dll_dllmain.obj
 0004:0000234c       $pdata$?fin$0@?0??dllmain_crt_process_detach@@YAH_N@Z@4HA 000000018007a34c     MSVCRT:dll_dllmain.obj
 0004:00002358       $pdata$?filt$0@?0??dllmain_dispatch@@YAHQEAUHINSTANCE__@@KQEAX@Z@4HA 000000018007a358     MSVCRT:dll_dllmain.obj
 0004:00002364       $pdata$__scrt_is_nonwritable_in_current_image$filt$0 000000018007a364     MSVCRT:utility.obj
 0005:00000000       __guard_fids_?dllmain_crt_process_attach@@YAHQEAUHINSTANCE__@@QEAX@Z 000000018007b000     MSVCRT:dll_dllmain.obj
 0005:00000008       __guard_fids_?dllmain_dispatch@@YAHQEAUHINSTANCE__@@KQEAX@Z 000000018007b008     MSVCRT:dll_dllmain.obj
 0005:0000000c       __guard_fids___scrt_set_unhandled_exception_filter 000000018007b00c     MSVCRT:utility_desktop.obj
 0005:00000010       __guard_fids__             000000018007b010     MSVCRT:guard_support.obj
 0005:00000014       __guard_fids__guard_icall_checks_enforced 000000018007b014     MSVCRT:guard_support.obj
